Archive member included to satisfy reference by file (symbol)

/usr/lib/gcc/arm-none-eabi/13.2.1/thumb/v6-m/nofp/libgcc.a(_dvmd_tls.o)
                              CMakeFiles/my_project.dir/home/jjy2026/pico/pico-sdk/src/rp2_common/pico_divider/divider_hardware.S.o (__aeabi_idiv0)
/usr/lib/gcc/arm-none-eabi/13.2.1/../../../arm-none-eabi/lib/thumb/v6-m/nofp/libg.a(libc_a-calloc.o)
                              CMakeFiles/my_project.dir/home/jjy2026/pico/pico-sdk/src/rp2_common/pico_malloc/malloc.c.o (calloc)
/usr/lib/gcc/arm-none-eabi/13.2.1/../../../arm-none-eabi/lib/thumb/v6-m/nofp/libg.a(libc_a-impure.o)
                              /usr/lib/gcc/arm-none-eabi/13.2.1/../../../arm-none-eabi/lib/thumb/v6-m/nofp/libg.a(libc_a-calloc.o) (_impure_ptr)
/usr/lib/gcc/arm-none-eabi/13.2.1/../../../arm-none-eabi/lib/thumb/v6-m/nofp/libg.a(libc_a-callocr.o)
                              /usr/lib/gcc/arm-none-eabi/13.2.1/../../../arm-none-eabi/lib/thumb/v6-m/nofp/libg.a(libc_a-calloc.o) (_calloc_r)
/usr/lib/gcc/arm-none-eabi/13.2.1/../../../arm-none-eabi/lib/thumb/v6-m/nofp/libg.a(libc_a-realloc.o)
                              CMakeFiles/my_project.dir/home/jjy2026/pico/pico-sdk/src/rp2_common/pico_malloc/malloc.c.o (realloc)
/usr/lib/gcc/arm-none-eabi/13.2.1/../../../arm-none-eabi/lib/thumb/v6-m/nofp/libg.a(libc_a-mallocr.o)
                              /usr/lib/gcc/arm-none-eabi/13.2.1/../../../arm-none-eabi/lib/thumb/v6-m/nofp/libg.a(libc_a-callocr.o) (_malloc_r)
/usr/lib/gcc/arm-none-eabi/13.2.1/../../../arm-none-eabi/lib/thumb/v6-m/nofp/libg.a(libc_a-freer.o)
                              /usr/lib/gcc/arm-none-eabi/13.2.1/../../../arm-none-eabi/lib/thumb/v6-m/nofp/libg.a(libc_a-mallocr.o) (_free_r)
/usr/lib/gcc/arm-none-eabi/13.2.1/../../../arm-none-eabi/lib/thumb/v6-m/nofp/libg.a(libc_a-memcmp.o)
                              CMakeFiles/my_project.dir/home/jjy2026/pico/pico-sdk/src/rp2_common/pico_atomic/atomic.c.o (memcmp)
/usr/lib/gcc/arm-none-eabi/13.2.1/../../../arm-none-eabi/lib/thumb/v6-m/nofp/libg.a(libc_a-malloc.o)
                              CMakeFiles/my_project.dir/home/jjy2026/pico/pico-sdk/src/rp2_common/pico_malloc/malloc.c.o (malloc)
/usr/lib/gcc/arm-none-eabi/13.2.1/../../../arm-none-eabi/lib/thumb/v6-m/nofp/libg.a(libc_a-sysconf.o)
                              /usr/lib/gcc/arm-none-eabi/13.2.1/../../../arm-none-eabi/lib/thumb/v6-m/nofp/libg.a(libc_a-mallocr.o) (sysconf)
/usr/lib/gcc/arm-none-eabi/13.2.1/../../../arm-none-eabi/lib/thumb/v6-m/nofp/libg.a(libc_a-init.o)
                              /usr/lib/gcc/arm-none-eabi/13.2.1/../../../arm-none-eabi/lib/thumb/v6-m/nofp/crt0.o (__libc_init_array)
/usr/lib/gcc/arm-none-eabi/13.2.1/../../../arm-none-eabi/lib/thumb/v6-m/nofp/libg.a(libc_a-reallocr.o)
                              /usr/lib/gcc/arm-none-eabi/13.2.1/../../../arm-none-eabi/lib/thumb/v6-m/nofp/libg.a(libc_a-realloc.o) (_realloc_r)
/usr/lib/gcc/arm-none-eabi/13.2.1/../../../arm-none-eabi/lib/thumb/v6-m/nofp/libg.a(libc_a-mktime.o)
                              CMakeFiles/my_project.dir/home/jjy2026/pico/pico-sdk/src/common/pico_util/datetime.c.o (mktime)
/usr/lib/gcc/arm-none-eabi/13.2.1/../../../arm-none-eabi/lib/thumb/v6-m/nofp/libg.a(libc_a-mlock.o)
                              /usr/lib/gcc/arm-none-eabi/13.2.1/../../../arm-none-eabi/lib/thumb/v6-m/nofp/libg.a(libc_a-mallocr.o) (__malloc_lock)
/usr/lib/gcc/arm-none-eabi/13.2.1/../../../arm-none-eabi/lib/thumb/v6-m/nofp/libg.a(libc_a-findfp.o)
                              /usr/lib/gcc/arm-none-eabi/13.2.1/../../../arm-none-eabi/lib/thumb/v6-m/nofp/libg.a(libc_a-impure.o) (__sf)
/usr/lib/gcc/arm-none-eabi/13.2.1/../../../arm-none-eabi/lib/thumb/v6-m/nofp/libg.a(libc_a-tzlock.o)
                              /usr/lib/gcc/arm-none-eabi/13.2.1/../../../arm-none-eabi/lib/thumb/v6-m/nofp/libg.a(libc_a-mktime.o) (__tz_lock)
/usr/lib/gcc/arm-none-eabi/13.2.1/../../../arm-none-eabi/lib/thumb/v6-m/nofp/libg.a(libc_a-atexit.o)
                              /usr/lib/gcc/arm-none-eabi/13.2.1/../../../arm-none-eabi/lib/thumb/v6-m/nofp/crt0.o (atexit)
/usr/lib/gcc/arm-none-eabi/13.2.1/../../../arm-none-eabi/lib/thumb/v6-m/nofp/libg.a(libc_a-lcltime_r.o)
                              CMakeFiles/my_project.dir/home/jjy2026/pico/pico-sdk/src/common/pico_util/datetime.c.o (localtime_r)
/usr/lib/gcc/arm-none-eabi/13.2.1/../../../arm-none-eabi/lib/thumb/v6-m/nofp/libg.a(libc_a-strlen-stub.o)
                              CMakeFiles/my_project.dir/home/jjy2026/pico/pico-sdk/src/rp2_common/pico_stdio/stdio.c.o (strlen)
/usr/lib/gcc/arm-none-eabi/13.2.1/../../../arm-none-eabi/lib/thumb/v6-m/nofp/libg.a(libc_a-sbrkr.o)
                              /usr/lib/gcc/arm-none-eabi/13.2.1/../../../arm-none-eabi/lib/thumb/v6-m/nofp/libg.a(libc_a-mallocr.o) (_sbrk_r)
/usr/lib/gcc/arm-none-eabi/13.2.1/../../../arm-none-eabi/lib/thumb/v6-m/nofp/libg.a(libc_a-fini.o)
[...]
Memory Configuration

Name             Origin             Length             Attributes
FLASH            0x10000000         0x00200000         xr
RAM              0x20000000         0x00040000         xrw
SCRATCH_X        0x20040000         0x00001000         xrw
SCRATCH_Y        0x20041000         0x00001000         xrw
*default*        0x00000000         0xffffffff

Linker script and memory map

LOAD /usr/lib/gcc/arm-none-eabi/13.2.1/thumb/v6-m/nofp/crti.o
LOAD /usr/lib/gcc/arm-none-eabi/13.2.1/thumb/v6-m/nofp/crtbegin.o
LOAD /usr/lib/gcc/arm-none-eabi/13.2.1/../../../arm-none-eabi/lib/thumb/v6-m/nofp/crt0.o

.flash_begin    0x10000000        0x0
                0x10000000                        __flash_binary_start = .

.boot2          0x10000000      0x100
                0x10000000                        __boot2_start__ = .
 *(.boot2)
 .boot2         0x10000000      0x100 pico-sdk/src/rp2040/boot_stage2/CMakeFiles/bs2_default_library.dir/bs2_default_padded_checksummed.S.o
                0x10000100                        __boot2_end__ = .
                0x00000001                        ASSERT (((__boot2_end__ - __boot2_start__) == 0x100), ERROR: Pico second stage bootloader must be 256 bytes in size)

.text           0x10000100     0x4600
                0x10000100                        __logical_binary_start = .
 *(.vectors)
 .vectors       0x10000100       0xd4 CMakeFiles/my_project.dir/home/jjy2026/pico/pico-sdk/src/rp2_common/pico_crt0/crt0.S.o
                0x10000100                __vectors
                0x10000100                __VECTOR_TABLE
                0x100001c0                isr_irq30
                0x100001c0                __unhandled_user_irq
                0x100001c0                isr_irq13
                0x100001c0                isr_irq27
                0x100001c0                isr_irq31
                0x100001c0                isr_irq5
                0x100001c0                isr_irq11
                0x100001c0                isr_irq23
                0x100001c0                isr_irq18
                0x100001c0                isr_irq28
                0x100001c0                isr_irq19
                0x100001c0                isr_irq0
                0x100001c0                isr_irq6
                0x100001c0                isr_irq22
                0x100001c0                isr_irq17
                0x100001c0                isr_irq14
                0x100001c0                __vectors_end
                0x100001c0                __default_isrs_start
                0x100001c0                isr_irq2
                0x100001c0                isr_irq10
                0x100001c0                isr_irq8
                0x100001c0                isr_irq24
                0x100001c0                isr_irq1
                0x100001c0                isr_irq7
                0x100001c0                isr_irq21
                0x100001c0                isr_irq20
                0x100001c0                isr_irq15
                0x100001c0                isr_irq25
                0x100001c0                isr_irq4
                0x100001c0                isr_irq16
                0x100001c0                isr_irq29
                0x100001c0                isr_irq26
                0x100001c0                isr_irq3
                0x100001c0                isr_irq12
                0x100001c0                isr_irq9
                0x100001c6                unhandled_user_irq_num_in_r0
                0x100001c8                isr_invalid
                0x100001ca                isr_nmi
                0x100001cc                isr_hardfault
                0x100001ce                isr_svcall
                0x100001d0                isr_pendsv
                0x100001d2                isr_systick
                0x100001d4                __default_isrs_end
 *(.binary_info_header)
 .binary_info_header
                0x100001d4       0x14 CMakeFiles/my_project.dir/home/jjy2026/pico/pico-sdk/src/rp2_common/pico_crt0/crt0.S.o
                0x100001e8                        __binary_info_header_end = .
 *(.embedded_block)
                0x100001e8                        __embedded_block_end = .
 *(.reset)
 .reset         0x100001e8       0x9c CMakeFiles/my_project.dir/home/jjy2026/pico/pico-sdk/src/rp2_common/pico_crt0/crt0.S.o
                0x100001e8                _entry_point
 *(.init)
 .init          0x10000284        0x4 /usr/lib/gcc/arm-none-eabi/13.2.1/thumb/v6-m/nofp/crti.o
                0x10000284                _init
 *(EXCLUDE_FILE(*libm.a: *libc.a:*lib_a-mem*.o *libgcc.a:) .text*)
 .text          0x10000288       0x98 /usr/lib/gcc/arm-none-eabi/13.2.1/thumb/v6-m/nofp/crtbegin.o
 .text.startup.main
                0x10000320       0x1c CMakeFiles/my_project.dir/main.c.o
                0x10000320                main
 .text.rp2040_chip_version
                0x1000033c        0xc CMakeFiles/my_project.dir/home/jjy2026/pico/pico-sdk/src/rp2040/pico_platform/platform.c.o
                0x1000033c                rp2040_chip_version
 .text.panic    0x10000348       0x30 CMakeFiles/my_project.dir/home/jjy2026/pico/pico-sdk/src/rp2_common/pico_platform_panic/panic.c.o
                0x10000348                panic
 .text.hw_claim_or_assert
                0x10000378       0x44 CMakeFiles/my_project.dir/home/jjy2026/pico/pico-sdk/src/common/hardware_claim/claim.c.o
                0x10000378                hw_claim_or_assert
 .text.hw_claim_unused_from_range
                0x100003bc       0x9c CMakeFiles/my_project.dir/home/jjy2026/pico/pico-sdk/src/common/hardware_claim/claim.c.o
                0x100003bc                hw_claim_unused_from_range
 .text.next_striped_spin_lock_num
                0x10000458       0x18 CMakeFiles/my_project.dir/home/jjy2026/pico/pico-sdk/src/rp2_common/hardware_sync/sync.c.o
                0x10000458                next_striped_spin_lock_num
 .text.spin_lock_claim_unused
                0x10000470       0x24 CMakeFiles/my_project.dir/home/jjy2026/pico/pico-sdk/src/rp2_common/hardware_sync/sync.c.o
                0x10000470                spin_lock_claim_unused
 .text.spin_locks_reset
                0x10000494       0x1c CMakeFiles/my_project.dir/home/jjy2026/pico/pico-sdk/src/rp2_common/hardware_sync_spin_lock/sync_spin_lock.c.o
                0x10000494                spin_locks_reset
 .text.runtime_init_per_core_irq_priorities
                0x100004b0       0x24 CMakeFiles/my_project.dir/home/jjy2026/pico/pico-sdk/src/rp2_common/hardware_irq/irq.c.o
                0x100004b0                runtime_init_per_core_irq_priorities
 .text.irq_set_enabled
                0x100004d4       0x24 CMakeFiles/my_project.dir/home/jjy2026/pico/pico-sdk/src/rp2_common/hardware_irq/irq.c.o
                0x100004d4                irq_set_enabled
 .text.irq_is_enabled
                0x100004f8       0x18 CMakeFiles/my_project.dir/home/jjy2026/pico/pico-sdk/src/rp2_common/hardware_irq/irq.c.o
                0x100004f8                irq_is_enabled
 .text.irq_set_pending
                0x10000510       0x10 CMakeFiles/my_project.dir/home/jjy2026/pico/pico-sdk/src/rp2_common/hardware_irq/irq.c.o
                0x10000510                irq_set_pending
 .text.irq_has_shared_handler
                0x10000520       0x24 CMakeFiles/my_project.dir/home/jjy2026/pico/pico-sdk/src/rp2_common/hardware_irq/irq.c.o
                0x10000520                irq_has_shared_handler
 .text.irq_set_exclusive_handler
                0x10000544       0x54 CMakeFiles/my_project.dir/home/jjy2026/pico/pico-sdk/src/rp2_common/hardware_irq/irq.c.o
                0x10000544                irq_set_exclusive_handler
 .text.irq_add_shared_handler
                0x10000598      0x1f4 CMakeFiles/my_project.dir/home/jjy2026/pico/pico-sdk/src/rp2_common/hardware_irq/irq.c.o
                0x10000598                irq_add_shared_handler
 .text.irq_add_tail_to_free_list
                0x1000078c       0xb4 CMakeFiles/my_project.dir/home/jjy2026/pico/pico-sdk/src/rp2_common/hardware_irq/irq.c.o
                0x1000078c                irq_add_tail_to_free_list
 .text.user_irq_claim_unused
                0x10000840       0x2c CMakeFiles/my_project.dir/home/jjy2026/pico/pico-sdk/src/rp2_common/hardware_irq/irq.c.o
                0x10000840                user_irq_claim_unused
 .text.lock_init
                0x1000086c       0x10 CMakeFiles/my_project.dir/home/jjy2026/pico/pico-sdk/src/common/pico_sync/lock_core.c.o
                0x1000086c                lock_init
 .text.runtime_init_mutex
                0x1000087c       0x50 CMakeFiles/my_project.dir/home/jjy2026/pico/pico-sdk/src/common/pico_sync/mutex.c.o
                0x1000087c                runtime_init_mutex
 .text.mutex_init
                0x100008cc       0x1c CMakeFiles/my_project.dir/home/jjy2026/pico/pico-sdk/src/common/pico_sync/mutex.c.o
                0x100008cc                mutex_init
 .text.critical_section_init
                0x100008e8       0x1c CMakeFiles/my_project.dir/home/jjy2026/pico/pico-sdk/src/common/pico_sync/critical_section.c.o
                0x100008e8                critical_section_init
 .text.critical_section_init_with_lock_num
                0x10000904       0x14 CMakeFiles/my_project.dir/home/jjy2026/pico/pico-sdk/src/common/pico_sync/critical_section.c.o
                0x10000904                critical_section_init_with_lock_num
 .text.sleep_until_callback
                0x10000918       0x30 CMakeFiles/my_project.dir/home/jjy2026/pico/pico-sdk/src/common/pico_time/time.c.o
 .text.alarm_pool_irq_handler
                0x10000948      0x2fc CMakeFiles/my_project.dir/home/jjy2026/pico/pico-sdk/src/common/pico_time/time.c.o
 .text.runtime_init_default_alarm_pool
                0x10000c44       0xdc CMakeFiles/my_project.dir/home/jjy2026/pico/pico-sdk/src/common/pico_time/time.c.o
                0x10000c44                runtime_init_default_alarm_pool
 .text.alarm_pool_get_default
                0x10000d20        0x8 CMakeFiles/my_project.dir/home/jjy2026/pico/pico-sdk/src/common/pico_time/time.c.o
                0x10000d20                alarm_pool_get_default
 .text.alarm_pool_add_alarm_at
                0x10000d28       0xd4 CMakeFiles/my_project.dir/home/jjy2026/pico/pico-sdk/src/common/pico_time/time.c.o
                0x10000d28                alarm_pool_add_alarm_at
 .text.alarm_pool_add_alarm_at_force_in_context
                0x10000dfc       0xb0 CMakeFiles/my_project.dir/home/jjy2026/pico/pico-sdk/src/common/pico_time/time.c.o
                0x10000dfc                alarm_pool_add_alarm_at_force_in_context
 .text.alarm_pool_cancel_alarm
                0x10000eac       0x74 CMakeFiles/my_project.dir/home/jjy2026/pico/pico-sdk/src/common/pico_time/time.c.o
                0x10000eac                alarm_pool_cancel_alarm
 .text.alarm_pool_core_num
                0x10000f20        0x4 CMakeFiles/my_project.dir/home/jjy2026/pico/pico-sdk/src/common/pico_time/time.c.o
                0x10000f20                alarm_pool_core_num
 .text.sleep_until
                0x10000f24       0xd8 CMakeFiles/my_project.dir/home/jjy2026/pico/pico-sdk/src/common/pico_time/time.c.o
                0x10000f24                sleep_until
 .text.sleep_ms
                0x10000ffc       0x38 CMakeFiles/my_project.dir/home/jjy2026/pico/pico-sdk/src/common/pico_time/time.c.o
                0x10000ffc                sleep_ms
 .text.best_effort_wfe_or_timeout
                0x10001034       0xf8 CMakeFiles/my_project.dir/home/jjy2026/pico/pico-sdk/src/common/pico_time/time.c.o
                0x10001034                best_effort_wfe_or_timeout
 .text.timer_hardware_alarm_claim
                0x1000112c       0x14 CMakeFiles/my_project.dir/home/jjy2026/pico/pico-sdk/src/rp2_common/hardware_timer/timer.c.o
                0x1000112c                timer_hardware_alarm_claim
 .text.timer_time_us_64
                0x10001140       0x10 CMakeFiles/my_project.dir/home/jjy2026/pico/pico-sdk/src/rp2_common/hardware_timer/timer.c.o
                0x10001140                timer_time_us_64
 .text.time_us_64
                0x10001150       0x14 CMakeFiles/my_project.dir/home/jjy2026/pico/pico-sdk/src/rp2_common/hardware_timer/timer.c.o
                0x10001150                time_us_64
 .text.busy_wait_until
                0x10001164       0x20 CMakeFiles/my_project.dir/home/jjy2026/pico/pico-sdk/src/rp2_common/hardware_timer/timer.c.o
                0x10001164                busy_wait_until
 .text.clock_configure_int_divider
                0x10001184       0xf4 CMakeFiles/my_project.dir/home/jjy2026/pico/pico-sdk/src/rp2_common/hardware_clocks/clocks.c.o
                0x10001184                clock_configure_int_divider
 .text.clock_configure_undivided
                0x10001278       0xe8 CMakeFiles/my_project.dir/home/jjy2026/pico/pico-sdk/src/rp2_common/hardware_clocks/clocks.c.o
                0x10001278                clock_configure_undivided
 .text.clock_get_hz
                0x10001360        0xc CMakeFiles/my_project.dir/home/jjy2026/pico/pico-sdk/src/rp2_common/hardware_clocks/clocks.c.o
                0x10001360                clock_get_hz
 .text.pll_init
                0x1000136c       0xa4 CMakeFiles/my_project.dir/home/jjy2026/pico/pico-sdk/src/rp2_common/hardware_pll/pll.c.o
                0x1000136c                pll_init
 .text.watchdog_reboot
                0x10001410       0x9c CMakeFiles/my_project.dir/home/jjy2026/pico/pico-sdk/src/rp2_common/hardware_watchdog/watchdog.c.o
                0x10001410                watchdog_reboot
 .text.tick_start
                0x100014ac       0x10 CMakeFiles/my_project.dir/home/jjy2026/pico/pico-sdk/src/rp2_common/hardware_ticks/ticks.c.o
                0x100014ac                tick_start
 .text.rom_func_lookup
                0x100014bc       0x10 CMakeFiles/my_project.dir/home/jjy2026/pico/pico-sdk/src/rp2_common/pico_bootrom/bootrom.c.o
                0x100014bc                rom_func_lookup
 .text.rom_data_lookup
                0x100014cc       0x10 CMakeFiles/my_project.dir/home/jjy2026/pico/pico-sdk/src/rp2_common/pico_bootrom/bootrom.c.o
                0x100014cc                rom_data_lookup
 .text.rom_funcs_lookup
                0x100014dc       0x44 CMakeFiles/my_project.dir/home/jjy2026/pico/pico-sdk/src/rp2_common/pico_bootrom/bootrom.c.o
                0x100014dc                rom_funcs_lookup
 .text.rom_reset_usb_boot_extra
                0x10001520       0x28 CMakeFiles/my_project.dir/home/jjy2026/pico/pico-sdk/src/rp2_common/pico_bootrom/bootrom.c.o
                0x10001520                rom_reset_usb_boot_extra
 .text.xosc_init
                0x10001548       0x28 CMakeFiles/my_project.dir/home/jjy2026/pico/pico-sdk/src/rp2_common/hardware_xosc/xosc.c.o
                0x10001548                xosc_init
 .text.first_per_core_initializer
                0x10001570        0x4 CMakeFiles/my_project.dir/home/jjy2026/pico/pico-sdk/src/rp2_common/pico_runtime/runtime.c.o
 .text.hard_assertion_failure
                0x10001574        0xc CMakeFiles/my_project.dir/home/jjy2026/pico/pico-sdk/src/rp2_common/pico_runtime/runtime.c.o
                0x10001574                hard_assertion_failure
 .text.runtime_run_initializers
                0x10001580       0x28 CMakeFiles/my_project.dir/home/jjy2026/pico/pico-sdk/src/rp2_common/pico_runtime/runtime.c.o
                0x10001580                runtime_run_initializers
 .text.runtime_init_early_resets
                0x100015a8       0x2c CMakeFiles/my_project.dir/home/jjy2026/pico/pico-sdk/src/rp2_common/pico_runtime_init/runtime_init.c.o
                0x100015a8                runtime_init_early_resets
 .text.runtime_init_usb_power_down
                0x100015d4       0x1c CMakeFiles/my_project.dir/home/jjy2026/pico/pico-sdk/src/rp2_common/pico_runtime_init/runtime_init.c.o
                0x100015d4                runtime_init_usb_power_down
 .text.runtime_init_post_clock_resets
                0x100015f0       0x20 CMakeFiles/my_project.dir/home/jjy2026/pico/pico-sdk/src/rp2_common/pico_runtime_init/runtime_init.c.o
                0x100015f0                runtime_init_post_clock_resets
 .text.runtime_init_rp2040_gpio_ie_disable
                0x10001610       0x14 CMakeFiles/my_project.dir/home/jjy2026/pico/pico-sdk/src/rp2_common/pico_runtime_init/runtime_init.c.o
                0x10001610                runtime_init_rp2040_gpio_ie_disable
 .text.runtime_init_spin_locks_reset
                0x10001624        0x8 CMakeFiles/my_project.dir/home/jjy2026/pico/pico-sdk/src/rp2_common/pico_runtime_init/runtime_init.c.o
                0x10001624                runtime_init_spin_locks_reset
 .text.runtime_init_install_ram_vector_table
                0x1000162c       0xb4 CMakeFiles/my_project.dir/home/jjy2026/pico/pico-sdk/src/rp2_common/pico_runtime_init/runtime_init.c.o
                0x1000162c                runtime_init_install_ram_vector_table
 .text.runtime_init_clocks
                0x100016e0       0xd8 CMakeFiles/my_project.dir/home/jjy2026/pico/pico-sdk/src/rp2_common/pico_runtime_init/runtime_init_clocks.c.o
                0x100016e0                runtime_init_clocks
 .text          0x100017b8       0x10 CMakeFiles/my_project.dir/home/jjy2026/pico/pico-sdk/src/rp2_common/pico_bit_ops/bit_ops_aeabi.S.o
 .text.__wrap___aeabi_uidiv
                0x100017c8       0x4c CMakeFiles/my_project.dir/home/jjy2026/pico/pico-sdk/src/rp2_common/pico_divider/divider_hardware.S.o
                0x100017c8                __wrap___aeabi_uidiv
                0x100017c8                __wrap___aeabi_uidivmod
                0x100017c8                div_u32u32
                0x100017c8                divmod_u32u32
                0x100017d0                divmod_u32u32_unsafe
                0x100017f8                divmod_u32u32_savestate
 .text.__aeabi_double_init
                0x10001814       0xa4 CMakeFiles/my_project.dir/home/jjy2026/pico/pico-sdk/src/rp2_common/pico_double/double_init_rom_rp2040.c.o
                0x10001814                __aeabi_double_init
 .text.double_table_shim_on_use_helper
                0x100018b8       0x2c CMakeFiles/my_project.dir/home/jjy2026/pico/pico-sdk/src/rp2_common/pico_double/double_v1_rom_shim_rp2040.S.o
                0x100018b8                double_table_shim_on_use_helper
 .text.__aeabi_lmul
                0x100018e4       0x32 CMakeFiles/my_project.dir/home/jjy2026/pico/pico-sdk/src/rp2_common/pico_int64_ops/pico_int64_ops_aeabi.S.o
                0x100018e4                __wrap___aeabi_lmul
 *fill*         0x10001916        0x2 
 .text.__aeabi_float_init
                0x10001918       0x64 CMakeFiles/my_project.dir/home/jjy2026/pico/pico-sdk/src/rp2_common/pico_float/float_init_rom_rp2040.c.o
                0x10001918                __aeabi_float_init
 .text.float_table_shim_on_use_helper
                0x1000197c       0x2c CMakeFiles/my_project.dir/home/jjy2026/pico/pico-sdk/src/rp2_common/pico_float/float_v1_rom_shim_rp2040.S.o
                0x1000197c                float_table_shim_on_use_helper
 .text          0x100019a8       0x10 CMakeFiles/my_project.dir/home/jjy2026/pico/pico-sdk/src/rp2_common/pico_mem_ops/mem_ops_aeabi.S.o
                0x100019a8                __aeabi_mem_init
 .text.memset   0x100019b8        0xc CMakeFiles/my_project.dir/home/jjy2026/pico/pico-sdk/src/rp2_common/pico_mem_ops/mem_ops_aeabi.S.o
                0x100019b8                __wrap_memset
 .text.memcpy   0x100019c4        0xc CMakeFiles/my_project.dir/home/jjy2026/pico/pico-sdk/src/rp2_common/pico_mem_ops/mem_ops_aeabi.S.o
                0x100019c4                __wrap___aeabi_memcpy
                0x100019c4                __wrap_memcpy
 .text._out_char
                0x100019d0       0x10 CMakeFiles/my_project.dir/home/jjy2026/pico/pico-sdk/src/rp2_common/pico_printf/printf.c.o
 .text.weak_raw_vprintf
                0x100019e0       0x30 CMakeFiles/my_project.dir/home/jjy2026/pico/pico-sdk/src/rp2_common/pico_printf/printf.c.o
                0x100019e0                weak_raw_vprintf
 .text._exit    0x10001a10        0x4 CMakeFiles/my_project.dir/home/jjy2026/pico/pico-sdk/src/rp2_common/pico_clib_interface/newlib_interface.c.o
                0x10001a10                _exit
 .text.exit     0x10001a14        0x8 CMakeFiles/my_project.dir/home/jjy2026/pico/pico-sdk/src/rp2_common/pico_clib_interface/newlib_interface.c.o
                0x10001a14                exit
 .text.runtime_init
                0x10001a1c       0x2c CMakeFiles/my_project.dir/home/jjy2026/pico/pico-sdk/src/rp2_common/pico_clib_interface/newlib_interface.c.o
                0x10001a1c                runtime_init
 .text.stdio_out_chars_no_crlf
                0x10001a48       0x10 CMakeFiles/my_project.dir/home/jjy2026/pico/pico-sdk/src/rp2_common/pico_stdio/stdio.c.o
 .text.stdio_out_chars_crlf
                0x10001a58       0x94 CMakeFiles/my_project.dir/home/jjy2026/pico/pico-sdk/src/rp2_common/pico_stdio/stdio.c.o
 .text.stdio_put_string
                0x10001aec      0x100 CMakeFiles/my_project.dir/home/jjy2026/pico/pico-sdk/src/rp2_common/pico_stdio/stdio.c.o
                0x10001aec                stdio_put_string
 .text.stdio_set_driver_enabled
                0x10001bec       0x30 CMakeFiles/my_project.dir/home/jjy2026/pico/pico-sdk/src/rp2_common/pico_stdio/stdio.c.o
                0x10001bec                stdio_set_driver_enabled
 .text.stdio_init_all
                0x10001c1c        0x8 CMakeFiles/my_project.dir/home/jjy2026/pico/pico-sdk/src/rp2_common/pico_stdio/stdio.c.o
                0x10001c1c                stdio_init_all
 .text.__wrap_putchar
                0x10001c24       0x98 CMakeFiles/my_project.dir/home/jjy2026/pico/pico-sdk/src/rp2_common/pico_stdio/stdio.c.o
                0x10001c24                stdio_putchar
                0x10001c24                __wrap_putchar
 .text.__wrap_puts
                0x10001cbc       0x3c CMakeFiles/my_project.dir/home/jjy2026/pico/pico-sdk/src/rp2_common/pico_stdio/stdio.c.o
                0x10001cbc                __wrap_puts
                0x10001cbc                stdio_puts
 .text.resetd_init
                0x10001cf8        0x4 CMakeFiles/my_project.dir/home/jjy2026/pico/pico-sdk/src/rp2_common/pico_stdio_usb/reset_interface.c.o
 .text.resetd_reset
                0x10001cfc        0xc CMakeFiles/my_project.dir/home/jjy2026/pico/pico-sdk/src/rp2_common/pico_stdio_usb/reset_interface.c.o
 .text.resetd_open
                0x10001d08       0x28 CMakeFiles/my_project.dir/home/jjy2026/pico/pico-sdk/src/rp2_common/pico_stdio_usb/reset_interface.c.o
 .text.resetd_xfer_cb
                0x10001d30        0x4 CMakeFiles/my_project.dir/home/jjy2026/pico/pico-sdk/src/rp2_common/pico_stdio_usb/reset_interface.c.o
 .text.resetd_control_xfer_cb
                0x10001d34       0x5c CMakeFiles/my_project.dir/home/jjy2026/pico/pico-sdk/src/rp2_common/pico_stdio_usb/reset_interface.c.o
 .text.tud_descriptor_bos_cb
                0x10001d90        0x8 CMakeFiles/my_project.dir/home/jjy2026/pico/pico-sdk/src/rp2_common/pico_stdio_usb/reset_interface.c.o
                0x10001d90                tud_descriptor_bos_cb
 .text.tud_vendor_control_xfer_cb
                0x10001d98       0x34 CMakeFiles/my_project.dir/home/jjy2026/pico/pico-sdk/src/rp2_common/pico_stdio_usb/reset_interface.c.o
                0x10001d98                tud_vendor_control_xfer_cb
 .text.usbd_app_driver_get_cb
                0x10001dcc        0xc CMakeFiles/my_project.dir/home/jjy2026/pico/pico-sdk/src/rp2_common/pico_stdio_usb/reset_interface.c.o
                0x10001dcc                usbd_app_driver_get_cb
 .text.tud_cdc_line_coding_cb
                0x10001dd8       0x2c CMakeFiles/my_project.dir/home/jjy2026/pico/pico-sdk/src/rp2_common/pico_stdio_usb/reset_interface.c.o
                0x10001dd8                tud_cdc_line_coding_cb
 .text.stdio_usb_set_chars_available_callback
                0x10001e04       0x14 CMakeFiles/my_project.dir/home/jjy2026/pico/pico-sdk/src/rp2_common/pico_stdio_usb/stdio_usb.c.o
                0x10001e04                stdio_usb_set_chars_available_callback
 .text.usb_irq  0x10001e18       0x10 CMakeFiles/my_project.dir/home/jjy2026/pico/pico-sdk/src/rp2_common/pico_stdio_usb/stdio_usb.c.o
 .text.timer_task
                0x10001e28       0x64 CMakeFiles/my_project.dir/home/jjy2026/pico/pico-sdk/src/rp2_common/pico_stdio_usb/stdio_usb.c.o
 .text.stdio_usb_in_chars
                0x10001e8c       0x90 CMakeFiles/my_project.dir/home/jjy2026/pico/pico-sdk/src/rp2_common/pico_stdio_usb/stdio_usb.c.o
                0x10001e8c                stdio_usb_in_chars
 .text.stdio_usb_out_flush
                0x10001f1c       0x50 CMakeFiles/my_project.dir/home/jjy2026/pico/pico-sdk/src/rp2_common/pico_stdio_usb/stdio_usb.c.o
 .text.stdio_usb_out_chars
                0x10001f6c      0x104 CMakeFiles/my_project.dir/home/jjy2026/pico/pico-sdk/src/rp2_common/pico_stdio_usb/stdio_usb.c.o
 .text.low_priority_worker_irq
                0x10002070       0xcc CMakeFiles/my_project.dir/home/jjy2026/pico/pico-sdk/src/rp2_common/pico_stdio_usb/stdio_usb.c.o
 .text.stdio_usb_init
                0x1000213c       0xec CMakeFiles/my_project.dir/home/jjy2026/pico/pico-sdk/src/rp2_common/pico_stdio_usb/stdio_usb.c.o
                0x1000213c                stdio_usb_init
 .text.tud_descriptor_device_cb
                0x10002228        0x8 CMakeFiles/my_project.dir/home/jjy2026/pico/pico-sdk/src/rp2_common/pico_stdio_usb/stdio_usb_descriptors.c.o
                0x10002228                tud_descriptor_device_cb
 .text.tud_descriptor_configuration_cb
                0x10002230        0x8 CMakeFiles/my_project.dir/home/jjy2026/pico/pico-sdk/src/rp2_common/pico_stdio_usb/stdio_usb_descriptors.c.o
                0x10002230                tud_descriptor_configuration_cb
 .text.tud_descriptor_string_cb
                0x10002238       0x78 CMakeFiles/my_project.dir/home/jjy2026/pico/pico-sdk/src/rp2_common/pico_stdio_usb/stdio_usb_descriptors.c.o
                0x10002238                tud_descriptor_string_cb
 .text.startup._retrieve_unique_id_on_boot
                0x100022b0       0x10 CMakeFiles/my_project.dir/home/jjy2026/pico/pico-sdk/src/rp2_common/pico_unique_id/unique_id.c.o
 .text.pico_get_unique_board_id_string
                0x100022c0      0x1a8 CMakeFiles/my_project.dir/home/jjy2026/pico/pico-sdk/src/rp2_common/pico_unique_id/unique_id.c.o
                0x100022c0                pico_get_unique_board_id_string
 .text.flash_get_unique_id
                0x10002468       0x3c CMakeFiles/my_project.dir/home/jjy2026/pico/pico-sdk/src/rp2_common/hardware_flash/flash.c.o
                0x10002468                flash_get_unique_id
 .text.dcd_init
                0x100024a4       0x90 CMakeFiles/my_project.dir/home/jjy2026/pico/pico-sdk/lib/tinyusb/src/portable/raspberrypi/rp2040/dcd_rp2040.c.o
                0x100024a4                dcd_init
 .text.dcd_int_enable
                0x10002534        0xc CMakeFiles/my_project.dir/home/jjy2026/pico/pico-sdk/lib/tinyusb/src/portable/raspberrypi/rp2040/dcd_rp2040.c.o
                0x10002534                dcd_int_enable
 .text.dcd_set_address
                0x10002540       0x14 CMakeFiles/my_project.dir/home/jjy2026/pico/pico-sdk/lib/tinyusb/src/portable/raspberrypi/rp2040/dcd_rp2040.c.o
                0x10002540                dcd_set_address
 .text.dcd_sof_enable
                0x10002554       0x1c CMakeFiles/my_project.dir/home/jjy2026/pico/pico-sdk/lib/tinyusb/src/portable/raspberrypi/rp2040/dcd_rp2040.c.o
                0x10002554                dcd_sof_enable
 .text.dcd_edpt0_status_complete
                0x10002570       0x1c CMakeFiles/my_project.dir/home/jjy2026/pico/pico-sdk/lib/tinyusb/src/portable/raspberrypi/rp2040/dcd_rp2040.c.o
                0x10002570                dcd_edpt0_status_complete
 .text.dcd_edpt_open
                0x1000258c      0x114 CMakeFiles/my_project.dir/home/jjy2026/pico/pico-sdk/lib/tinyusb/src/portable/raspberrypi/rp2040/dcd_rp2040.c.o
                0x1000258c                dcd_edpt_open
 .text.dcd_edpt_close_all
                0x100026a0        0x8 CMakeFiles/my_project.dir/home/jjy2026/pico/pico-sdk/lib/tinyusb/src/portable/raspberrypi/rp2040/dcd_rp2040.c.o
                0x100026a0                dcd_edpt_close_all
 .text.dcd_edpt_xfer
                0x100026a8       0x24 CMakeFiles/my_project.dir/home/jjy2026/pico/pico-sdk/lib/tinyusb/src/portable/raspberrypi/rp2040/dcd_rp2040.c.o
                0x100026a8                dcd_edpt_xfer
 .text.dcd_edpt_stall
                0x100026cc       0x34 CMakeFiles/my_project.dir/home/jjy2026/pico/pico-sdk/lib/tinyusb/src/portable/raspberrypi/rp2040/dcd_rp2040.c.o
                0x100026cc                dcd_edpt_stall
 .text.dcd_edpt_clear_stall
                0x10002700       0x30 CMakeFiles/my_project.dir/home/jjy2026/pico/pico-sdk/lib/tinyusb/src/portable/raspberrypi/rp2040/dcd_rp2040.c.o
                0x10002700                dcd_edpt_clear_stall
 .text.rp2040_usb_init
                0x10002730       0x40 CMakeFiles/my_project.dir/home/jjy2026/pico/pico-sdk/lib/tinyusb/src/portable/raspberrypi/rp2040/rp2040_usb.c.o
                0x10002730                rp2040_usb_init
 .text.hw_endpoint_xfer_start
                0x10002770       0x40 CMakeFiles/my_project.dir/home/jjy2026/pico/pico-sdk/lib/tinyusb/src/portable/raspberrypi/rp2040/rp2040_usb.c.o
                0x10002770                hw_endpoint_xfer_start
 .text.tud_event_hook_cb
                0x100027b0        0x4 CMakeFiles/my_project.dir/home/jjy2026/pico/pico-sdk/lib/tinyusb/src/device/usbd.c.o
                0x100027b0                tud_event_hook_cb
 .text.tud_sof_cb
                0x100027b4        0x4 CMakeFiles/my_project.dir/home/jjy2026/pico/pico-sdk/lib/tinyusb/src/device/usbd.c.o
                0x100027b4                tud_sof_cb
 .text.tud_descriptor_device_qualifier_cb
                0x100027b8        0x4 CMakeFiles/my_project.dir/home/jjy2026/pico/pico-sdk/lib/tinyusb/src/device/usbd.c.o
                0x100027b8                tud_descriptor_device_qualifier_cb
 .text.tud_descriptor_other_speed_configuration_cb
                0x100027bc        0x4 CMakeFiles/my_project.dir/home/jjy2026/pico/pico-sdk/lib/tinyusb/src/device/usbd.c.o
                0x100027bc                tud_descriptor_other_speed_configuration_cb
 .text.tud_mount_cb
                0x100027c0        0x4 CMakeFiles/my_project.dir/home/jjy2026/pico/pico-sdk/lib/tinyusb/src/device/usbd.c.o
                0x100027c0                tud_mount_cb
 .text.tud_umount_cb
                0x100027c4        0x4 CMakeFiles/my_project.dir/home/jjy2026/pico/pico-sdk/lib/tinyusb/src/device/usbd.c.o
                0x100027c4                tud_umount_cb
 .text.tud_suspend_cb
                0x100027c8        0x4 CMakeFiles/my_project.dir/home/jjy2026/pico/pico-sdk/lib/tinyusb/src/device/usbd.c.o
                0x100027c8                tud_suspend_cb
 .text.tud_resume_cb
                0x100027cc        0x4 CMakeFiles/my_project.dir/home/jjy2026/pico/pico-sdk/lib/tinyusb/src/device/usbd.c.o
                0x100027cc                tud_resume_cb
 .text.tud_mounted
                0x100027d0       0x10 CMakeFiles/my_project.dir/home/jjy2026/pico/pico-sdk/lib/tinyusb/src/device/usbd.c.o
                0x100027d0                tud_mounted
 .text.tud_suspended
                0x100027e0       0x10 CMakeFiles/my_project.dir/home/jjy2026/pico/pico-sdk/lib/tinyusb/src/device/usbd.c.o
                0x100027e0                tud_suspended
 .text.tud_rhport_init
                0x100027f0       0xfc CMakeFiles/my_project.dir/home/jjy2026/pico/pico-sdk/lib/tinyusb/src/device/usbd.c.o
                0x100027f0                tud_rhport_init
 .text.tud_task_ext
                0x100028ec      0x800 CMakeFiles/my_project.dir/home/jjy2026/pico/pico-sdk/lib/tinyusb/src/device/usbd.c.o
                0x100028ec                tud_task_ext
 .text.usbd_open_edpt_pair
                0x100030ec       0x9c CMakeFiles/my_project.dir/home/jjy2026/pico/pico-sdk/lib/tinyusb/src/device/usbd.c.o
                0x100030ec                usbd_open_edpt_pair
 .text.usbd_edpt_open
                0x10003188       0x34 CMakeFiles/my_project.dir/home/jjy2026/pico/pico-sdk/lib/tinyusb/src/device/usbd.c.o
                0x10003188                usbd_edpt_open
 .text.usbd_edpt_claim
                0x100031bc       0x28 CMakeFiles/my_project.dir/home/jjy2026/pico/pico-sdk/lib/tinyusb/src/device/usbd.c.o
                0x100031bc                usbd_edpt_claim
 .text.usbd_edpt_release
                0x100031e4       0x28 CMakeFiles/my_project.dir/home/jjy2026/pico/pico-sdk/lib/tinyusb/src/device/usbd.c.o
                0x100031e4                usbd_edpt_release
 .text.usbd_edpt_xfer
                0x1000320c       0x4c CMakeFiles/my_project.dir/home/jjy2026/pico/pico-sdk/lib/tinyusb/src/device/usbd.c.o
                0x1000320c                usbd_edpt_xfer
 .text.tud_control_status
                0x10003258       0x2c CMakeFiles/my_project.dir/home/jjy2026/pico/pico-sdk/lib/tinyusb/src/device/usbd_control.c.o
                0x10003258                tud_control_status
 .text.tud_control_xfer
                0x10003284       0xac CMakeFiles/my_project.dir/home/jjy2026/pico/pico-sdk/lib/tinyusb/src/device/usbd_control.c.o
                0x10003284                tud_control_xfer
 .text.usbd_control_reset
                0x10003330       0x14 CMakeFiles/my_project.dir/home/jjy2026/pico/pico-sdk/lib/tinyusb/src/device/usbd_control.c.o
                0x10003330                usbd_control_reset
 .text.usbd_control_set_complete_callback
                0x10003344        0xc CMakeFiles/my_project.dir/home/jjy2026/pico/pico-sdk/lib/tinyusb/src/device/usbd_control.c.o
                0x10003344                usbd_control_set_complete_callback
 .text.usbd_control_set_request
                0x10003350       0x1c CMakeFiles/my_project.dir/home/jjy2026/pico/pico-sdk/lib/tinyusb/src/device/usbd_control.c.o
                0x10003350                usbd_control_set_request
 .text.usbd_control_xfer_cb
                0x1000336c       0xec CMakeFiles/my_project.dir/home/jjy2026/pico/pico-sdk/lib/tinyusb/src/device/usbd_control.c.o
                0x1000336c                usbd_control_xfer_cb
 .text._prep_out_transaction.isra.0
                0x10003458       0x6c CMakeFiles/my_project.dir/home/jjy2026/pico/pico-sdk/lib/tinyusb/src/class/cdc/cdc_device.c.o
 .text.tud_cdc_n_connected
                0x100034c4       0x2c CMakeFiles/my_project.dir/home/jjy2026/pico/pico-sdk/lib/tinyusb/src/class/cdc/cdc_device.c.o
                0x100034c4                tud_cdc_n_connected
 .text.tud_cdc_n_available
                0x100034f0       0x14 CMakeFiles/my_project.dir/home/jjy2026/pico/pico-sdk/lib/tinyusb/src/class/cdc/cdc_device.c.o
                0x100034f0                tud_cdc_n_available
 .text.tud_cdc_n_read
                0x10003504       0x94 CMakeFiles/my_project.dir/home/jjy2026/pico/pico-sdk/lib/tinyusb/src/class/cdc/cdc_device.c.o
                0x10003504                tud_cdc_n_read
 .text.tud_cdc_n_write_flush
                0x10003598       0x74 CMakeFiles/my_project.dir/home/jjy2026/pico/pico-sdk/lib/tinyusb/src/class/cdc/cdc_device.c.o
                0x10003598                tud_cdc_n_write_flush
 .text.tud_cdc_n_write
                0x1000360c       0x40 CMakeFiles/my_project.dir/home/jjy2026/pico/pico-sdk/lib/tinyusb/src/class/cdc/cdc_device.c.o
                0x1000360c                tud_cdc_n_write
 .text.tud_cdc_n_write_available
                0x1000364c       0x14 CMakeFiles/my_project.dir/home/jjy2026/pico/pico-sdk/lib/tinyusb/src/class/cdc/cdc_device.c.o
                0x1000364c                tud_cdc_n_write_available
 .text.cdcd_init
                0x10003660       0x70 CMakeFiles/my_project.dir/home/jjy2026/pico/pico-sdk/lib/tinyusb/src/class/cdc/cdc_device.c.o
                0x10003660                cdcd_init
 .text.cdcd_deinit
                0x100036d0       0x34 CMakeFiles/my_project.dir/home/jjy2026/pico/pico-sdk/lib/tinyusb/src/class/cdc/cdc_device.c.o
                0x100036d0                cdcd_deinit
 .text.cdcd_reset
                0x10003704       0x4c CMakeFiles/my_project.dir/home/jjy2026/pico/pico-sdk/lib/tinyusb/src/class/cdc/cdc_device.c.o
                0x10003704                cdcd_reset
 .text.cdcd_open
                0x10003750       0xa8 CMakeFiles/my_project.dir/home/jjy2026/pico/pico-sdk/lib/tinyusb/src/class/cdc/cdc_device.c.o
                0x10003750                cdcd_open
 .text.cdcd_control_xfer_cb
                0x100037f8       0xe8 CMakeFiles/my_project.dir/home/jjy2026/pico/pico-sdk/lib/tinyusb/src/class/cdc/cdc_device.c.o
                0x100037f8                cdcd_control_xfer_cb
 .text.cdcd_xfer_cb
                0x100038e0      0x100 CMakeFiles/my_project.dir/home/jjy2026/pico/pico-sdk/lib/tinyusb/src/class/cdc/cdc_device.c.o
                0x100038e0                cdcd_xfer_cb
 .text.vendord_init
                0x100039e0       0x5c CMakeFiles/my_project.dir/home/jjy2026/pico/pico-sdk/lib/tinyusb/src/class/vendor/vendor_device.c.o
                0x100039e0                vendord_init
 .text.vendord_deinit
                0x10003a3c       0x1c CMakeFiles/my_project.dir/home/jjy2026/pico/pico-sdk/lib/tinyusb/src/class/vendor/vendor_device.c.o
                0x10003a3c                vendord_deinit
 .text.vendord_reset
                0x10003a58       0x28 CMakeFiles/my_project.dir/home/jjy2026/pico/pico-sdk/lib/tinyusb/src/class/vendor/vendor_device.c.o
                0x10003a58                vendord_reset
 .text.vendord_open
                0x10003a80      0x128 CMakeFiles/my_project.dir/home/jjy2026/pico/pico-sdk/lib/tinyusb/src/class/vendor/vendor_device.c.o
                0x10003a80                vendord_open
 .text.vendord_xfer_cb
                0x10003ba8       0x9c CMakeFiles/my_project.dir/home/jjy2026/pico/pico-sdk/lib/tinyusb/src/class/vendor/vendor_device.c.o
                0x10003ba8                vendord_xfer_cb
 .text.tusb_rhport_init
                0x10003c44       0x48 CMakeFiles/my_project.dir/home/jjy2026/pico/pico-sdk/lib/tinyusb/src/tusb.c.o
                0x10003c44                tusb_rhport_init
 .text.tu_edpt_claim
                0x10003c8c       0x50 CMakeFiles/my_project.dir/home/jjy2026/pico/pico-sdk/lib/tinyusb/src/tusb.c.o
                0x10003c8c                tu_edpt_claim
 .text.tu_edpt_release
                0x10003cdc       0x38 CMakeFiles/my_project.dir/home/jjy2026/pico/pico-sdk/lib/tinyusb/src/tusb.c.o
                0x10003cdc                tu_edpt_release
 .text.tu_edpt_validate
                0x10003d14       0x7c CMakeFiles/my_project.dir/home/jjy2026/pico/pico-sdk/lib/tinyusb/src/tusb.c.o
                0x10003d14                tu_edpt_validate
 .text.tu_edpt_bind_driver
                0x10003d90       0x34 CMakeFiles/my_project.dir/home/jjy2026/pico/pico-sdk/lib/tinyusb/src/tusb.c.o
                0x10003d90                tu_edpt_bind_driver
 .text.tu_edpt_stream_init
                0x10003dc4       0x6c CMakeFiles/my_project.dir/home/jjy2026/pico/pico-sdk/lib/tinyusb/src/tusb.c.o
                0x10003dc4                tu_edpt_stream_init
 .text.tu_edpt_stream_deinit
                0x10003e30        0x4 CMakeFiles/my_project.dir/home/jjy2026/pico/pico-sdk/lib/tinyusb/src/tusb.c.o
                0x10003e30                tu_edpt_stream_deinit
 .text.tu_edpt_stream_write_zlp_if_needed
                0x10003e34       0x68 CMakeFiles/my_project.dir/home/jjy2026/pico/pico-sdk/lib/tinyusb/src/tusb.c.o
                0x10003e34                tu_edpt_stream_write_zlp_if_needed
 .text.tu_edpt_stream_write_xfer
                0x10003e9c       0x64 CMakeFiles/my_project.dir/home/jjy2026/pico/pico-sdk/lib/tinyusb/src/tusb.c.o
                0x10003e9c                tu_edpt_stream_write_xfer
 .text.tu_edpt_stream_read_xfer
                0x10003f00       0xdc CMakeFiles/my_project.dir/home/jjy2026/pico/pico-sdk/lib/tinyusb/src/tusb.c.o
                0x10003f00                tu_edpt_stream_read_xfer
 .text.tu_fifo_config
                0x10003fdc       0x6c CMakeFiles/my_project.dir/home/jjy2026/pico/pico-sdk/lib/tinyusb/src/common/tusb_fifo.c.o
                0x10003fdc                tu_fifo_config
 .text.tu_fifo_count
                0x10004048       0x2c CMakeFiles/my_project.dir/home/jjy2026/pico/pico-sdk/lib/tinyusb/src/common/tusb_fifo.c.o
                0x10004048                tu_fifo_count
 .text.tu_fifo_empty
                0x10004074       0x10 CMakeFiles/my_project.dir/home/jjy2026/pico/pico-sdk/lib/tinyusb/src/common/tusb_fifo.c.o
                0x10004074                tu_fifo_empty
 .text.tu_fifo_remaining
                0x10004084       0x2c CMakeFiles/my_project.dir/home/jjy2026/pico/pico-sdk/lib/tinyusb/src/common/tusb_fifo.c.o
                0x10004084                tu_fifo_remaining
 .text.tu_fifo_read
                0x100040b0       0x9c CMakeFiles/my_project.dir/home/jjy2026/pico/pico-sdk/lib/tinyusb/src/common/tusb_fifo.c.o
                0x100040b0                tu_fifo_read
 .text.tu_fifo_read_n
                0x1000414c       0xe8 CMakeFiles/my_project.dir/home/jjy2026/pico/pico-sdk/lib/tinyusb/src/common/tusb_fifo.c.o
                0x1000414c                tu_fifo_read_n
 .text.tu_fifo_write
                0x10004234       0xa8 CMakeFiles/my_project.dir/home/jjy2026/pico/pico-sdk/lib/tinyusb/src/common/tusb_fifo.c.o
                0x10004234                tu_fifo_write
 .text.tu_fifo_write_n
                0x100042dc      0x178 CMakeFiles/my_project.dir/home/jjy2026/pico/pico-sdk/lib/tinyusb/src/common/tusb_fifo.c.o
                0x100042dc                tu_fifo_write_n
 .text.tu_fifo_clear
                0x10004454       0x40 CMakeFiles/my_project.dir/home/jjy2026/pico/pico-sdk/lib/tinyusb/src/common/tusb_fifo.c.o
                0x10004454                tu_fifo_clear
 .text.tu_fifo_set_overwritable
                0x10004494       0x48 CMakeFiles/my_project.dir/home/jjy2026/pico/pico-sdk/lib/tinyusb/src/common/tusb_fifo.c.o
                0x10004494                tu_fifo_set_overwritable
 .text          0x100044dc       0x10 /usr/lib/gcc/arm-none-eabi/13.2.1/../../../arm-none-eabi/lib/thumb/v6-m/nofp/libg.a(libc_a-atexit.o)
                0x100044dc                atexit
 .text          0x100044ec       0x5c /usr/lib/gcc/arm-none-eabi/13.2.1/../../../arm-none-eabi/lib/thumb/v6-m/nofp/libg.a(libc_a-strlen-stub.o)
                0x100044ec                strlen
 .text          0x10004548       0x28 /usr/lib/gcc/arm-none-eabi/13.2.1/../../../arm-none-eabi/lib/thumb/v6-m/nofp/libg.a(libc_a-fini.o)
                0x10004548                __libc_fini_array
 .text          0x10004570       0x78 /usr/lib/gcc/arm-none-eabi/13.2.1/../../../arm-none-eabi/lib/thumb/v6-m/nofp/libg.a(libc_a-__atexit.o)
                0x10004570                __register_exitproc
 .text.startup  0x100045e8       0x18 /usr/lib/gcc/arm-none-eabi/13.2.1/../../../arm-none-eabi/lib/thumb/v6-m/nofp/libg.a(libc_a-__call_atexit.o)
 *(.fini)
 .fini          0x10004600        0x4 /usr/lib/gcc/arm-none-eabi/13.2.1/thumb/v6-m/nofp/crti.o
                0x10004600                _fini
 *fill*         0x10004604        0x4 
 .fini.__stub   0x10004608       0xb0 linker stubs
 *crtbegin.o(.ctors)
 *crtbegin?.o(.ctors)
 *(EXCLUDE_FILE(*crtend.o *crtend?.o) .ctors)
 *(SORT_BY_NAME(.ctors.*))
 *(.ctors)
 *crtbegin.o(.dtors)
 *crtbegin?.o(.dtors)
 *(EXCLUDE_FILE(*crtend.o *crtend?.o) .dtors)
 *(SORT_BY_NAME(.dtors.*))
 *(.dtors)
                0x100046b8                        . = ALIGN (0x4)
                0x100046b8                        PROVIDE (__preinit_array_start = .)
 *(SORT_BY_NAME(.preinit_array.*))
 .preinit_array.00100
                0x100046b8        0x4 CMakeFiles/my_project.dir/home/jjy2026/pico/pico-sdk/src/rp2_common/pico_runtime_init/runtime_init.c.o
                0x100046b8                __pre_init_runtime_init_early_resets
 .preinit_array.00101
                0x100046bc        0x4 CMakeFiles/my_project.dir/home/jjy2026/pico/pico-sdk/src/rp2_common/pico_runtime_init/runtime_init.c.o
                0x100046bc                __pre_init_runtime_init_usb_power_down
 .preinit_array.00275
                0x100046c0        0x4 CMakeFiles/my_project.dir/home/jjy2026/pico/pico-sdk/src/rp2_common/pico_bit_ops/bit_ops_aeabi.S.o
 .preinit_array.00300
                0x100046c4        0x4 CMakeFiles/my_project.dir/home/jjy2026/pico/pico-sdk/src/rp2_common/pico_mem_ops/mem_ops_aeabi.S.o
 .preinit_array.00350
                0x100046c8        0x4 CMakeFiles/my_project.dir/home/jjy2026/pico/pico-sdk/src/rp2_common/pico_double/double_aeabi_rp2040.S.o
 .preinit_array.00350
                0x100046cc        0x4 CMakeFiles/my_project.dir/home/jjy2026/pico/pico-sdk/src/rp2_common/pico_float/float_aeabi_rp2040.S.o
 .preinit_array.00500
                0x100046d0        0x4 CMakeFiles/my_project.dir/home/jjy2026/pico/pico-sdk/src/rp2_common/pico_runtime_init/runtime_init.c.o
                0x100046d0                __pre_init_runtime_init_clocks
 .preinit_array.00600
                0x100046d4        0x4 CMakeFiles/my_project.dir/home/jjy2026/pico/pico-sdk/src/rp2_common/pico_runtime_init/runtime_init.c.o
                0x100046d4                __pre_init_runtime_init_post_clock_resets
 .preinit_array.00700
                0x100046d8        0x4 CMakeFiles/my_project.dir/home/jjy2026/pico/pico-sdk/src/rp2_common/pico_runtime_init/runtime_init.c.o
                0x100046d8                __pre_init_runtime_init_rp2040_gpio_ie_disable
 .preinit_array.01000
                0x100046dc        0x4 CMakeFiles/my_project.dir/home/jjy2026/pico/pico-sdk/src/rp2_common/pico_runtime_init/runtime_init.c.o
                0x100046dc                __pre_init_runtime_init_spin_locks_reset
 .preinit_array.01100
                0x100046e0        0x4 CMakeFiles/my_project.dir/home/jjy2026/pico/pico-sdk/src/common/pico_sync/mutex.c.o
                0x100046e0                __pre_init_runtime_init_mutex
 .preinit_array.10080
                0x100046e4        0x4 CMakeFiles/my_project.dir/home/jjy2026/pico/pico-sdk/src/rp2_common/pico_runtime_init/runtime_init.c.o
                0x100046e4                __pre_init_runtime_init_install_ram_vector_table
 .preinit_array.11000
                0x100046e8        0x4 CMakeFiles/my_project.dir/home/jjy2026/pico/pico-sdk/src/common/pico_time/time.c.o
                0x100046e8                __pre_init_runtime_init_default_alarm_pool
 .preinit_array.YYYYY
                0x100046ec        0x4 CMakeFiles/my_project.dir/home/jjy2026/pico/pico-sdk/src/rp2_common/pico_runtime/runtime.c.o
                0x100046ec                __pre_init_first_per_core_initializer
 .preinit_array.ZZZZZ.01200
                0x100046f0        0x4 CMakeFiles/my_project.dir/home/jjy2026/pico/pico-sdk/src/rp2_common/hardware_irq/irq.c.o
                0x100046f0                __pre_init_runtime_init_per_core_irq_priorities
 *(.preinit_array)
                0x100046f4                        PROVIDE (__preinit_array_end = .)
                0x100046f4                        . = ALIGN (0x4)
                0x100046f4                        PROVIDE (__init_array_start = .)
 *(SORT_BY_NAME(.init_array.*))
 .init_array.00000
                0x100046f4        0x4 /usr/lib/gcc/arm-none-eabi/13.2.1/../../../arm-none-eabi/lib/thumb/v6-m/nofp/libg.a(libc_a-__call_atexit.o)
 .init_array.01000
                0x100046f8        0x4 CMakeFiles/my_project.dir/home/jjy2026/pico/pico-sdk/src/rp2_common/pico_unique_id/unique_id.c.o
 *(.init_array)
 .init_array    0x100046fc        0x4 /usr/lib/gcc/arm-none-eabi/13.2.1/thumb/v6-m/nofp/crtbegin.o
                0x10004700                        PROVIDE (__init_array_end = .)
                0x10004700                        . = ALIGN (0x4)
                0x10004700                        PROVIDE (__fini_array_start = .)
 *(SORT_BY_NAME(.fini_array.*))
 *(.fini_array)
                0x10004700                        PROVIDE (__fini_array_end = .)
 *(.eh_frame*)
 .eh_frame      0x10004700        0x0 /usr/lib/gcc/arm-none-eabi/13.2.1/thumb/v6-m/nofp/crtbegin.o
                0x10004700                        . = ALIGN (0x4)

.glue_7         0x10004700        0x0
 .glue_7        0x10004700        0x0 linker stubs

.glue_7t        0x10004700        0x0
 .glue_7t       0x10004700        0x0 linker stubs

.vfp11_veneer   0x10004700        0x0
 .vfp11_veneer  0x10004700        0x0 linker stubs

.v4_bx          0x10004700        0x0
 .v4_bx         0x10004700        0x0 linker stubs

.iplt           0x10004700        0x0
 .iplt          0x10004700        0x0 /usr/lib/gcc/arm-none-eabi/13.2.1/thumb/v6-m/nofp/crtbegin.o

.rodata         0x10004700      0x420
 *(EXCLUDE_FILE(*libm.a: *libc.a:*lib_a-mem*.o *libgcc.a:) .rodata*)
 .rodata.main.str1.4
                0x10004700      0x168 CMakeFiles/my_project.dir/main.c.o
                                  0xd (size before relaxing)
 .rodata.panic.str1.4
                0x10004868       0x12 CMakeFiles/my_project.dir/home/jjy2026/pico/pico-sdk/src/rp2_common/pico_platform_panic/panic.c.o
 .rodata.spin_lock_claim_unused.str1.4
                0x10004868       0x1b CMakeFiles/my_project.dir/home/jjy2026/pico/pico-sdk/src/rp2_common/hardware_sync/sync.c.o
 .rodata.user_irq_claim_unused.str1.4
                0x10004868       0x1b CMakeFiles/my_project.dir/home/jjy2026/pico/pico-sdk/src/rp2_common/hardware_irq/irq.c.o
 .rodata.timer_hardware_alarm_claim.str1.4
                0x10004868       0x22 CMakeFiles/my_project.dir/home/jjy2026/pico/pico-sdk/src/rp2_common/hardware_timer/timer.c.o
 .rodata.hard_assertion_failure.str1.4
                0x10004868        0xc CMakeFiles/my_project.dir/home/jjy2026/pico/pico-sdk/src/rp2_common/pico_runtime/runtime.c.o
 .rodata.str1.4
                0x10004868       0x40 CMakeFiles/my_project.dir/home/jjy2026/pico/pico-sdk/src/rp2_common/pico_standard_binary_info/standard_binary_info.c.o
 .rodata.__bi_84
                0x10004868        0xc CMakeFiles/my_project.dir/home/jjy2026/pico/pico-sdk/src/rp2_common/pico_standard_binary_info/standard_binary_info.c.o
 .rodata.__bi_78
                0x10004874        0xc CMakeFiles/my_project.dir/home/jjy2026/pico/pico-sdk/src/rp2_common/pico_standard_binary_info/standard_binary_info.c.o
 .rodata.__bi_54
                0x10004880        0xc CMakeFiles/my_project.dir/home/jjy2026/pico/pico-sdk/src/rp2_common/pico_standard_binary_info/standard_binary_info.c.o
 .rodata.__bi_48
                0x1000488c        0xc CMakeFiles/my_project.dir/home/jjy2026/pico/pico-sdk/src/rp2_common/pico_standard_binary_info/standard_binary_info.c.o
 .rodata.__bi_42
                0x10004898        0xc CMakeFiles/my_project.dir/home/jjy2026/pico/pico-sdk/src/rp2_common/pico_standard_binary_info/standard_binary_info.c.o
 .rodata.__bi_34
                0x100048a4        0xc CMakeFiles/my_project.dir/home/jjy2026/pico/pico-sdk/src/rp2_common/pico_standard_binary_info/standard_binary_info.c.o
 .rodata.__bi_26
                0x100048b0        0xc CMakeFiles/my_project.dir/home/jjy2026/pico/pico-sdk/src/rp2_common/pico_standard_binary_info/standard_binary_info.c.o
 .rodata.crlf_str.0
                0x100048bc        0x2 CMakeFiles/my_project.dir/home/jjy2026/pico/pico-sdk/src/rp2_common/pico_stdio/stdio.c.o
 *fill*         0x100048be        0x2 
 .rodata._resetd_driver
                0x100048c0       0x20 CMakeFiles/my_project.dir/home/jjy2026/pico/pico-sdk/src/rp2_common/pico_stdio_usb/reset_interface.c.o
 .rodata.desc_ms_os_20
                0x100048e0       0xa6 CMakeFiles/my_project.dir/home/jjy2026/pico/pico-sdk/src/rp2_common/pico_stdio_usb/reset_interface.c.o
 *fill*         0x10004986        0x2 
 .rodata.desc_bos
                0x10004988       0x21 CMakeFiles/my_project.dir/home/jjy2026/pico/pico-sdk/src/rp2_common/pico_stdio_usb/reset_interface.c.o
                0x10004988                desc_bos
 .rodata.str1.4
                0x100049a9       0x13 CMakeFiles/my_project.dir/home/jjy2026/pico/pico-sdk/src/rp2_common/pico_stdio_usb/stdio_usb.c.o
 *fill*         0x100049a9        0x3 
 .rodata.__bi_202.0
                0x100049ac        0xc CMakeFiles/my_project.dir/home/jjy2026/pico/pico-sdk/src/rp2_common/pico_stdio_usb/stdio_usb.c.o
 .rodata.str1.4
                0x100049b8       0x2a CMakeFiles/my_project.dir/home/jjy2026/pico/pico-sdk/src/rp2_common/pico_stdio_usb/stdio_usb_descriptors.c.o
 .rodata.usbd_desc_str
                0x100049b8       0x18 CMakeFiles/my_project.dir/home/jjy2026/pico/pico-sdk/src/rp2_common/pico_stdio_usb/stdio_usb_descriptors.c.o
 .rodata.usbd_desc_cfg
                0x100049d0       0x54 CMakeFiles/my_project.dir/home/jjy2026/pico/pico-sdk/src/rp2_common/pico_stdio_usb/stdio_usb_descriptors.c.o
 .rodata.usbd_desc_device
                0x10004a24       0x12 CMakeFiles/my_project.dir/home/jjy2026/pico/pico-sdk/src/rp2_common/pico_stdio_usb/stdio_usb_descriptors.c.o
 .rodata.str1.4
                0x10004a36       0x14 CMakeFiles/my_project.dir/home/jjy2026/pico/pico-sdk/lib/tinyusb/src/portable/raspberrypi/rp2040/dcd_rp2040.c.o
 .rodata.str1.4
                0x10004a36       0x48 CMakeFiles/my_project.dir/home/jjy2026/pico/pico-sdk/lib/tinyusb/src/portable/raspberrypi/rp2040/rp2040_usb.c.o
 *fill*         0x10004a36        0x2 
 .rodata.tud_task_ext
                0x10004a38       0x8c CMakeFiles/my_project.dir/home/jjy2026/pico/pico-sdk/lib/tinyusb/src/device/usbd.c.o
 .rodata        0x10004ac4       0x1c CMakeFiles/my_project.dir/home/jjy2026/pico/pico-sdk/lib/tinyusb/src/device/usbd.c.o
 .rodata._usbd_driver
                0x10004ae0       0x40 CMakeFiles/my_project.dir/home/jjy2026/pico/pico-sdk/lib/tinyusb/src/device/usbd.c.o
                0x10004b20                        . = ALIGN (0x4)
 *(SORT_BY_ALIGNMENT(SORT_BY_NAME(.flashdata*)))
                0x10004b20                        . = ALIGN (0x4)

.ARM.extab
 *(.ARM.extab* .gnu.linkonce.armextab.*)
                0x10004b20                        __exidx_start = .

.ARM.exidx
 *(.ARM.exidx* .gnu.linkonce.armexidx.*)
                0x10004b20                        __exidx_end = .
                0x10004b20                        . = ALIGN (0x4)
                0x10004b20                        __binary_info_start = .

.binary_info    0x10004b20       0x20
 *(.binary_info.keep.*)
 .binary_info.keep.__bi_ptr84
                0x10004b20        0x4 CMakeFiles/my_project.dir/home/jjy2026/pico/pico-sdk/src/rp2_common/pico_standard_binary_info/standard_binary_info.c.o
 .binary_info.keep.__bi_ptr78
                0x10004b24        0x4 CMakeFiles/my_project.dir/home/jjy2026/pico/pico-sdk/src/rp2_common/pico_standard_binary_info/standard_binary_info.c.o
 .binary_info.keep.__bi_ptr54
                0x10004b28        0x4 CMakeFiles/my_project.dir/home/jjy2026/pico/pico-sdk/src/rp2_common/pico_standard_binary_info/standard_binary_info.c.o
 .binary_info.keep.__bi_ptr48
                0x10004b2c        0x4 CMakeFiles/my_project.dir/home/jjy2026/pico/pico-sdk/src/rp2_common/pico_standard_binary_info/standard_binary_info.c.o
 .binary_info.keep.__bi_ptr42
                0x10004b30        0x4 CMakeFiles/my_project.dir/home/jjy2026/pico/pico-sdk/src/rp2_common/pico_standard_binary_info/standard_binary_info.c.o
 .binary_info.keep.__bi_ptr34
                0x10004b34        0x4 CMakeFiles/my_project.dir/home/jjy2026/pico/pico-sdk/src/rp2_common/pico_standard_binary_info/standard_binary_info.c.o
 .binary_info.keep.__bi_ptr26
                0x10004b38        0x4 CMakeFiles/my_project.dir/home/jjy2026/pico/pico-sdk/src/rp2_common/pico_standard_binary_info/standard_binary_info.c.o
 *(.binary_info.*)
 .binary_info.__bi_ptr202
                0x10004b3c        0x4 CMakeFiles/my_project.dir/home/jjy2026/pico/pico-sdk/src/rp2_common/pico_stdio_usb/stdio_usb.c.o
                0x10004b40                        __binary_info_end = .
                0x10004b40                        . = ALIGN (0x4)

.ram_vector_table
                0x20000000       0xc0
 *(.ram_vector_table)
 .ram_vector_table
                0x20000000       0xc0 CMakeFiles/my_project.dir/home/jjy2026/pico/pico-sdk/src/rp2_common/pico_runtime_init/runtime_init.c.o
                0x20000000                ram_vector_table

.uninitialized_data
                0x200000c0        0x0
                0x200000c0                        . = ALIGN (0x4)
 *(.uninitialized_data*)

.data           0x200000c0      0xfb0 load address 0x10004b40
                0x200000c0                        __data_start__ = .
 *(vtable)
 *(.time_critical*)
 .time_critical.mutex_try_enter
                0x200000c0       0x40 CMakeFiles/my_project.dir/home/jjy2026/pico/pico-sdk/src/common/pico_sync/mutex.c.o
                0x200000c0                mutex_try_enter
 .time_critical.mutex_try_enter_block_until
                0x20000100       0x9c CMakeFiles/my_project.dir/home/jjy2026/pico/pico-sdk/src/common/pico_sync/mutex.c.o
                0x20000100                mutex_try_enter_block_until
 .time_critical.mutex_enter_timeout_ms
                0x2000019c       0x90 CMakeFiles/my_project.dir/home/jjy2026/pico/pico-sdk/src/common/pico_sync/mutex.c.o
                0x2000019c                mutex_enter_timeout_ms
 .time_critical.mutex_exit
                0x2000022c       0x28 CMakeFiles/my_project.dir/home/jjy2026/pico/pico-sdk/src/common/pico_sync/mutex.c.o
                0x2000022c                mutex_exit
 .time_critical.flash_init_boot2_copyout
                0x20000254       0x30 CMakeFiles/my_project.dir/home/jjy2026/pico/pico-sdk/src/rp2_common/hardware_flash/flash.c.o
 .time_critical.flash_enable_xip_via_boot2
                0x20000284        0xc CMakeFiles/my_project.dir/home/jjy2026/pico/pico-sdk/src/rp2_common/hardware_flash/flash.c.o
 .time_critical.flash_save_hardware_state
                0x20000290       0x20 CMakeFiles/my_project.dir/home/jjy2026/pico/pico-sdk/src/rp2_common/hardware_flash/flash.c.o
 .time_critical.flash_restore_hardware_state
                0x200002b0       0x20 CMakeFiles/my_project.dir/home/jjy2026/pico/pico-sdk/src/rp2_common/hardware_flash/flash.c.o
 .time_critical.flash_cs_force
                0x200002d0       0x38 CMakeFiles/my_project.dir/home/jjy2026/pico/pico-sdk/src/rp2_common/hardware_flash/flash.c.o
 .time_critical.flash_do_cmd
                0x20000308       0xd0 CMakeFiles/my_project.dir/home/jjy2026/pico/pico-sdk/src/rp2_common/hardware_flash/flash.c.o
                0x20000308                flash_do_cmd
 .time_critical.reset_non_control_endpoints
                0x200003d8       0x68 CMakeFiles/my_project.dir/home/jjy2026/pico/pico-sdk/lib/tinyusb/src/portable/raspberrypi/rp2040/dcd_rp2040.c.o
 .time_critical.hw_handle_buff_status
                0x20000440       0xa0 CMakeFiles/my_project.dir/home/jjy2026/pico/pico-sdk/lib/tinyusb/src/portable/raspberrypi/rp2040/dcd_rp2040.c.o
 .time_critical.dcd_rp2040_irq
                0x200004e0      0x544 CMakeFiles/my_project.dir/home/jjy2026/pico/pico-sdk/lib/tinyusb/src/portable/raspberrypi/rp2040/dcd_rp2040.c.o
 .time_critical.prepare_ep_buffer
                0x20000a24       0xe0 CMakeFiles/my_project.dir/home/jjy2026/pico/pico-sdk/lib/tinyusb/src/portable/raspberrypi/rp2040/rp2040_usb.c.o
 .time_critical.sync_ep_buffer
                0x20000b04       0xa8 CMakeFiles/my_project.dir/home/jjy2026/pico/pico-sdk/lib/tinyusb/src/portable/raspberrypi/rp2040/rp2040_usb.c.o
 .time_critical._hw_endpoint_xfer_sync
                0x20000bac       0x28 CMakeFiles/my_project.dir/home/jjy2026/pico/pico-sdk/lib/tinyusb/src/portable/raspberrypi/rp2040/rp2040_usb.c.o
 .time_critical.e15_is_bulkin_ep
                0x20000bd4       0x28 CMakeFiles/my_project.dir/home/jjy2026/pico/pico-sdk/lib/tinyusb/src/portable/raspberrypi/rp2040/rp2040_usb.c.o
 .time_critical.e15_is_critical_frame_period
                0x20000bfc       0x34 CMakeFiles/my_project.dir/home/jjy2026/pico/pico-sdk/lib/tinyusb/src/portable/raspberrypi/rp2040/rp2040_usb.c.o
 .time_critical.hw_endpoint_reset_transfer
                0x20000c30        0xc CMakeFiles/my_project.dir/home/jjy2026/pico/pico-sdk/lib/tinyusb/src/portable/raspberrypi/rp2040/rp2040_usb.c.o
                0x20000c30                hw_endpoint_reset_transfer
 .time_critical._hw_endpoint_buffer_control_update32
                0x20000c3c       0x50 CMakeFiles/my_project.dir/home/jjy2026/pico/pico-sdk/lib/tinyusb/src/portable/raspberrypi/rp2040/rp2040_usb.c.o
                0x20000c3c                _hw_endpoint_buffer_control_update32
 .time_critical.hw_endpoint_start_next_buffer
                0x20000c8c       0x6c CMakeFiles/my_project.dir/home/jjy2026/pico/pico-sdk/lib/tinyusb/src/portable/raspberrypi/rp2040/rp2040_usb.c.o
                0x20000c8c                hw_endpoint_start_next_buffer
 .time_critical.hw_endpoint_xfer_continue
                0x20000cf8       0x40 CMakeFiles/my_project.dir/home/jjy2026/pico/pico-sdk/lib/tinyusb/src/portable/raspberrypi/rp2040/rp2040_usb.c.o
                0x20000cf8                hw_endpoint_xfer_continue
 .time_critical.tinyusb
                0x20000d38      0x1e4 CMakeFiles/my_project.dir/home/jjy2026/pico/pico-sdk/lib/tinyusb/src/device/usbd.c.o
                0x20000d38                dcd_event_handler
 *(.text*)
 .text          0x20000f1c        0x4 /usr/lib/gcc/arm-none-eabi/13.2.1/thumb/v6-m/nofp/libgcc.a(_dvmd_tls.o)
                0x20000f1c                __aeabi_ldiv0
                0x20000f1c                __aeabi_idiv0
 .text.__stub   0x20000f20       0x80 linker stubs
                0x20000fa0                        . = ALIGN (0x4)
 *(.rodata*)
                0x20000fa0                        . = ALIGN (0x4)
 *(.data*)
 .data.striped_spin_lock_num
                0x20000fa0        0x1 CMakeFiles/my_project.dir/home/jjy2026/pico/pico-sdk/src/rp2_common/hardware_sync/sync.c.o
 *fill*         0x20000fa1        0x3 
 .data          0x20000fa4       0x48 CMakeFiles/my_project.dir/home/jjy2026/pico/pico-sdk/src/rp2_common/hardware_irq/irq_handler_chain.S.o
                0x20000fa4                irq_handler_chain_slots
                0x20000fd4                irq_handler_chain_first_slot
                0x20000fde                irq_handler_chain_remove_tail
 .data.default_alarm_pool
                0x20000fec       0x18 CMakeFiles/my_project.dir/home/jjy2026/pico/pico-sdk/src/common/pico_time/time.c.o
 *fill*         0x20001004        0xc 
 .data.aeabi_bits_funcs
                0x20001010       0x10 CMakeFiles/my_project.dir/home/jjy2026/pico/pico-sdk/src/rp2_common/pico_bit_ops/bit_ops_aeabi.S.o
                0x20001010                aeabi_bits_funcs
                0x20001020                aeabi_bits_funcs_end
 .data.aeabi_mem_funcs
                0x20001020       0x10 CMakeFiles/my_project.dir/home/jjy2026/pico/pico-sdk/src/rp2_common/pico_mem_ops/mem_ops_aeabi.S.o
                0x20001020                aeabi_mem_funcs
                0x20001030                aeabi_mem_funcs_end
 .data.stdio_usb
                0x20001030       0x18 CMakeFiles/my_project.dir/home/jjy2026/pico/pico-sdk/src/rp2_common/pico_stdio_usb/stdio_usb.c.o
                0x20001030                stdio_usb
 .data._usbd_qdef
                0x20001048       0x1c CMakeFiles/my_project.dir/home/jjy2026/pico/pico-sdk/lib/tinyusb/src/device/usbd.c.o
                0x20001048                _usbd_qdef
 .data._usbd_rhport
                0x20001064        0x1 CMakeFiles/my_project.dir/home/jjy2026/pico/pico-sdk/lib/tinyusb/src/device/usbd.c.o
                0x20001068                        . = ALIGN (0x4)
 *fill*         0x20001065        0x3 
 *(.after_data.*)
                0x20001068                        . = ALIGN (0x4)
                0x20001068                        PROVIDE (__mutex_array_start = .)
 *(SORT_BY_NAME(.mutex_array.*))
 *(.mutex_array)
 .mutex_array   0x20001068        0x8 CMakeFiles/my_project.dir/home/jjy2026/pico/pico-sdk/src/rp2_common/pico_stdio/stdio.c.o
                0x20001070                        PROVIDE (__mutex_array_end = .)
                0x20001070                        . = ALIGN (0x4)
 *(.jcr)
                0x20001070                        . = ALIGN (0x4)

.tm_clone_table
                0x20001070        0x0 load address 0x10005af0
 .tm_clone_table
                0x20001070        0x0 /usr/lib/gcc/arm-none-eabi/13.2.1/thumb/v6-m/nofp/crtbegin.o
 .tm_clone_table
                0x20001070        0x0 /usr/lib/gcc/arm-none-eabi/13.2.1/thumb/v6-m/nofp/crtend.o

.igot.plt       0x20001070        0x0 load address 0x10005af0
 .igot.plt      0x20001070        0x0 /usr/lib/gcc/arm-none-eabi/13.2.1/thumb/v6-m/nofp/crtbegin.o

.tdata          0x20001070        0x0 load address 0x10005af0
                0x20001070                        . = ALIGN (0x4)
 *(.tdata .tdata.* .gnu.linkonce.td.*)
                0x20001070                        __tdata_end = .
                0x20001070                        PROVIDE (__data_end__ = .)
                0x10004b40                        __etext = LOADADDR (.data)

.tbss           0x20001070        0x0 load address 0x10005af0
                0x20001070                        . = ALIGN (0x4)
                0x20001070                        __bss_start__ = .
                0x20001070                        __tls_base = .
 *(.tbss .tbss.* .gnu.linkonce.tb.*)
 *(.tcommon)
                0x20001070                        __tls_end = .

.bss            0x20001070     0x1094 load address 0x10005af0
                0x20001070                        . = ALIGN (0x4)
                0x20001070                        __tbss_end = .
 *(SORT_BY_ALIGNMENT(SORT_BY_NAME(.bss*)))
 .bss.default_alarm_pool_entries
                0x20001070      0x180 CMakeFiles/my_project.dir/home/jjy2026/pico/pico-sdk/src/common/pico_time/time.c.o
 .bss.last_avail_time.1
                0x200011f0        0x8 CMakeFiles/my_project.dir/home/jjy2026/pico/pico-sdk/src/rp2_common/pico_stdio_usb/stdio_usb.c.o
 .bss.sd_table  0x200011f8      0x100 CMakeFiles/my_project.dir/home/jjy2026/pico/pico-sdk/src/rp2_common/pico_double/double_init_rom_rp2040.c.o
                0x200011f8                sd_table
 .bss.sf_table  0x200012f8      0x100 CMakeFiles/my_project.dir/home/jjy2026/pico/pico-sdk/src/rp2_common/pico_float/float_init_rom_rp2040.c.o
                0x200012f8                sf_table
 .bss           0x200013f8       0x1c /usr/lib/gcc/arm-none-eabi/13.2.1/thumb/v6-m/nofp/crtbegin.o
 .bss           0x20001414      0x190 /usr/lib/gcc/arm-none-eabi/13.2.1/../../../arm-none-eabi/lib/thumb/v6-m/nofp/libg.a(libc_a-__atexit.o)
                0x20001414                __atexit0
 .bss           0x200015a4        0x4 /usr/lib/gcc/arm-none-eabi/13.2.1/../../../arm-none-eabi/lib/thumb/v6-m/nofp/libg.a(libc_a-__call_atexit.o)
                0x200015a4                __atexit
 .bss._app_driver
                0x200015a8        0x4 CMakeFiles/my_project.dir/home/jjy2026/pico/pico-sdk/lib/tinyusb/src/device/usbd.c.o
 .bss._cdcd_epbuf
                0x200015ac       0x80 CMakeFiles/my_project.dir/home/jjy2026/pico/pico-sdk/lib/tinyusb/src/class/cdc/cdc_device.c.o
 .bss._cdcd_fifo_cfg
                0x2000162c        0x1 CMakeFiles/my_project.dir/home/jjy2026/pico/pico-sdk/lib/tinyusb/src/class/cdc/cdc_device.c.o
 *fill*         0x2000162d        0x3 
 .bss._cdcd_itf
                0x20001630       0xc8 CMakeFiles/my_project.dir/home/jjy2026/pico/pico-sdk/lib/tinyusb/src/class/cdc/cdc_device.c.o
 .bss._ctrl_epbuf
                0x200016f8       0x40 CMakeFiles/my_project.dir/home/jjy2026/pico/pico-sdk/lib/tinyusb/src/device/usbd_control.c.o
 .bss._ctrl_xfer
                0x20001738       0x14 CMakeFiles/my_project.dir/home/jjy2026/pico/pico-sdk/lib/tinyusb/src/device/usbd_control.c.o
 .bss._tusb_rhport_role
                0x2000174c        0x2 CMakeFiles/my_project.dir/home/jjy2026/pico/pico-sdk/lib/tinyusb/src/tusb.c.o
                0x2000174c                _tusb_rhport_role
 *fill*         0x2000174e        0x2 
 .bss._ubsd_mutexdef
                0x20001750        0x8 CMakeFiles/my_project.dir/home/jjy2026/pico/pico-sdk/lib/tinyusb/src/device/usbd.c.o
 .bss._usbd_dev
                0x20001758       0x54 CMakeFiles/my_project.dir/home/jjy2026/pico/pico-sdk/lib/tinyusb/src/device/usbd.c.o
 .bss._usbd_mutex
                0x200017ac        0x4 CMakeFiles/my_project.dir/home/jjy2026/pico/pico-sdk/lib/tinyusb/src/device/usbd.c.o
 .bss._usbd_q   0x200017b0        0x4 CMakeFiles/my_project.dir/home/jjy2026/pico/pico-sdk/lib/tinyusb/src/device/usbd.c.o
 .bss._usbd_qdef_buf
                0x200017b4       0xc0 CMakeFiles/my_project.dir/home/jjy2026/pico/pico-sdk/lib/tinyusb/src/device/usbd.c.o
                0x200017b4                _usbd_qdef_buf
 .bss._vendord_epbuf
                0x20001874       0x80 CMakeFiles/my_project.dir/home/jjy2026/pico/pico-sdk/lib/tinyusb/src/class/vendor/vendor_device.c.o
 .bss._vendord_itf
                0x200018f4      0x24c CMakeFiles/my_project.dir/home/jjy2026/pico/pico-sdk/lib/tinyusb/src/class/vendor/vendor_device.c.o
 .bss.boot2_copyout
                0x20001b40      0x100 CMakeFiles/my_project.dir/home/jjy2026/pico/pico-sdk/src/rp2_common/hardware_flash/flash.c.o
 .bss.chars_available_callback
                0x20001c40        0x4 CMakeFiles/my_project.dir/home/jjy2026/pico/pico-sdk/src/rp2_common/pico_stdio_usb/stdio_usb.c.o
 .bss.chars_available_param
                0x20001c44        0x4 CMakeFiles/my_project.dir/home/jjy2026/pico/pico-sdk/src/rp2_common/pico_stdio_usb/stdio_usb.c.o
 .bss.claimed   0x20001c48        0x4 CMakeFiles/my_project.dir/home/jjy2026/pico/pico-sdk/src/rp2_common/hardware_sync/sync.c.o
 .bss.claimed   0x20001c4c        0x1 CMakeFiles/my_project.dir/home/jjy2026/pico/pico-sdk/src/rp2_common/hardware_timer/timer.c.o
 *fill*         0x20001c4d        0x3 
 .bss.configured_freq
                0x20001c50       0x28 CMakeFiles/my_project.dir/home/jjy2026/pico/pico-sdk/src/rp2_common/hardware_clocks/clocks.c.o
 .bss.desc_str.0
                0x20001c78       0x28 CMakeFiles/my_project.dir/home/jjy2026/pico/pico-sdk/src/rp2_common/pico_stdio_usb/stdio_usb_descriptors.c.o
 .bss.drivers   0x20001ca0        0x4 CMakeFiles/my_project.dir/home/jjy2026/pico/pico-sdk/src/rp2_common/pico_stdio/stdio.c.o
 .bss.e15_last_sof
                0x20001ca4        0x4 CMakeFiles/my_project.dir/home/jjy2026/pico/pico-sdk/lib/tinyusb/src/portable/raspberrypi/rp2040/rp2040_usb.c.o
                0x20001ca4                e15_last_sof
 .bss.filter    0x20001ca8        0x4 CMakeFiles/my_project.dir/home/jjy2026/pico/pico-sdk/src/rp2_common/pico_stdio/stdio.c.o
 .bss.hw_endpoints
                0x20001cac      0x400 CMakeFiles/my_project.dir/home/jjy2026/pico/pico-sdk/lib/tinyusb/src/portable/raspberrypi/rp2040/dcd_rp2040.c.o
 .bss.lazy_vsnprintf
                0x200020ac        0x4 CMakeFiles/my_project.dir/home/jjy2026/pico/pico-sdk/src/rp2_common/pico_printf/printf.c.o
 .bss.load_value
                0x200020b0        0x4 CMakeFiles/my_project.dir/home/jjy2026/pico/pico-sdk/src/rp2_common/hardware_watchdog/watchdog.c.o
 .bss.next_buffer_ptr
                0x200020b4        0x4 CMakeFiles/my_project.dir/home/jjy2026/pico/pico-sdk/lib/tinyusb/src/portable/raspberrypi/rp2040/dcd_rp2040.c.o
 .bss.one_shot_timer_crit_sec
                0x200020b8        0x8 CMakeFiles/my_project.dir/home/jjy2026/pico/pico-sdk/src/rp2_common/pico_stdio_usb/stdio_usb.c.o
 .bss.pools     0x200020c0       0x10 CMakeFiles/my_project.dir/home/jjy2026/pico/pico-sdk/src/common/pico_time/time.c.o
 .bss.retrieved_id
                0x200020d0        0x8 CMakeFiles/my_project.dir/home/jjy2026/pico/pico-sdk/src/rp2_common/pico_unique_id/unique_id.c.o
 .bss.sf_clz_func
                0x200020d8        0x4 CMakeFiles/my_project.dir/home/jjy2026/pico/pico-sdk/src/rp2_common/pico_double/double_init_rom_rp2040.c.o
                0x200020d8                sf_clz_func
 .bss.sleep_notifier
                0x200020dc        0x4 CMakeFiles/my_project.dir/home/jjy2026/pico/pico-sdk/src/common/pico_time/time.c.o
 .bss.stdio_usb_mutex
                0x200020e0        0x8 CMakeFiles/my_project.dir/home/jjy2026/pico/pico-sdk/src/rp2_common/pico_stdio_usb/stdio_usb.c.o
 .bss.usbd_serial_str
                0x200020e8       0x11 CMakeFiles/my_project.dir/home/jjy2026/pico/pico-sdk/src/rp2_common/pico_stdio_usb/stdio_usb_descriptors.c.o
 .bss._app_driver_count
                0x200020f9        0x1 CMakeFiles/my_project.dir/home/jjy2026/pico/pico-sdk/lib/tinyusb/src/device/usbd.c.o
 .bss._sof_enable
                0x200020fa        0x1 CMakeFiles/my_project.dir/home/jjy2026/pico/pico-sdk/lib/tinyusb/src/portable/raspberrypi/rp2040/dcd_rp2040.c.o
 .bss._usbd_queued_setup
                0x200020fb        0x1 CMakeFiles/my_project.dir/home/jjy2026/pico/pico-sdk/lib/tinyusb/src/device/usbd.c.o
 .bss.boot2_copyout_valid
                0x200020fc        0x1 CMakeFiles/my_project.dir/home/jjy2026/pico/pico-sdk/src/rp2_common/hardware_flash/flash.c.o
 .bss.irq_handler_chain_free_slot_head
                0x200020fd        0x1 CMakeFiles/my_project.dir/home/jjy2026/pico/pico-sdk/src/rp2_common/hardware_irq/irq.c.o
 .bss.itf_num   0x200020fe        0x1 CMakeFiles/my_project.dir/home/jjy2026/pico/pico-sdk/src/rp2_common/pico_stdio_usb/reset_interface.c.o
 .bss.low_priority_irq_num
                0x200020ff        0x1 CMakeFiles/my_project.dir/home/jjy2026/pico/pico-sdk/src/rp2_common/pico_stdio_usb/stdio_usb.c.o
 .bss.one_shot_timer_pending
                0x20002100        0x1 CMakeFiles/my_project.dir/home/jjy2026/pico/pico-sdk/src/rp2_common/pico_stdio_usb/stdio_usb.c.o
 .bss.user_irq_claimed
                0x20002101        0x1 CMakeFiles/my_project.dir/home/jjy2026/pico/pico-sdk/src/rp2_common/hardware_irq/irq.c.o
 *(COMMON)
                0x20002104                        . = ALIGN (0x4)
 *fill*         0x20002102        0x2 
                0x20002104                        __bss_end__ = .

.heap           0x20002104      0x800 load address 0x10005af0
                0x20002104                        __end__ = .
                0x20002104                        end = __end__
 *(.heap*)
 .heap          0x20002104      0x800 CMakeFiles/my_project.dir/home/jjy2026/pico/pico-sdk/src/rp2_common/pico_crt0/crt0.S.o
                0x20040000                        __HeapLimit = (ORIGIN (RAM) + LENGTH (RAM))

.scratch_x      0x20040000        0x0 load address 0x10005af0
                0x20040000                        __scratch_x_start__ = .
 *(.scratch_x.*)
                0x20040000                        . = ALIGN (0x4)
                0x20040000                        __scratch_x_end__ = .
                0x10005af0                        __scratch_x_source__ = LOADADDR (.scratch_x)

.scratch_y      0x20041000        0x0 load address 0x10005af0
                0x20041000                        __scratch_y_start__ = .
 *(.scratch_y.*)
                0x20041000                        . = ALIGN (0x4)
                0x20041000                        __scratch_y_end__ = .
                0x10005af0                        __scratch_y_source__ = LOADADDR (.scratch_y)

.stack1_dummy
 *(.stack1*)

.stack_dummy    0x20041000      0x800
 *(.stack*)
 .stack         0x20041000      0x800 CMakeFiles/my_project.dir/home/jjy2026/pico/pico-sdk/src/rp2_common/pico_crt0/crt0.S.o

.rel.dyn        0x20041800        0x0
 .rel.iplt      0x20041800        0x0 /usr/lib/gcc/arm-none-eabi/13.2.1/thumb/v6-m/nofp/crtbegin.o

.flash_end      0x10005af0        0x0
 *(.embedded_end_block*)
                0x10005af0                        PROVIDE (__flash_binary_end = .)
                0x20040000                        __StackLimit = (ORIGIN (RAM) + LENGTH (RAM))
                0x20041000                        __StackOneTop = (ORIGIN (SCRATCH_X) + LENGTH (SCRATCH_X))
                0x20042000                        __StackTop = (ORIGIN (SCRATCH_Y) + LENGTH (SCRATCH_Y))
                0x20041000                        __StackOneBottom = (__StackOneTop - SIZEOF (.stack1_dummy))
                0x20041800                        __StackBottom = (__StackTop - SIZEOF (.stack_dummy))
                0x20042000                        PROVIDE (__stack = __StackTop)
                [!provide]                        PROVIDE (__heap_start = __end__)
                [!provide]                        PROVIDE (__heap_end = __HeapLimit)
                [!provide]                        PROVIDE (__tls_align = MAX (ALIGNOF (.tdata), ALIGNOF (.tbss)))
                [!provide]                        PROVIDE (__tls_size_align = (((__tls_size + __tls_align) - 0x1) & ~ ((__tls_align - 0x1))))
                [!provide]                        PROVIDE (__arm32_tls_tcb_offset = MAX (0x8, __tls_align))
                [!provide]                        PROVIDE (_end = __end__)
                [!provide]                        PROVIDE (__llvm_libc_heap_limit = __HeapLimit)
                0x00000001                        ASSERT ((__StackLimit >= __HeapLimit), region RAM overflowed)
                0x00000001                        ASSERT (((__binary_info_header_end - __logical_binary_start) <= 0x100), Binary info must be in first 256 bytes of the binary)
LOAD CMakeFiles/my_project.dir/main.c.o
LOAD CMakeFiles/my_project.dir/home/jjy2026/pico/pico-sdk/src/rp2_common/pico_stdlib/stdlib.c.o
LOAD CMakeFiles/my_project.dir/home/jjy2026/pico/pico-sdk/src/rp2_common/hardware_gpio/gpio.c.o
LOAD CMakeFiles/my_project.dir/home/jjy2026/pico/pico-sdk/src/rp2040/pico_platform/platform.c.o
LOAD CMakeFiles/my_project.dir/home/jjy2026/pico/pico-sdk/src/rp2_common/pico_platform_common/common.c.o
LOAD CMakeFiles/my_project.dir/home/jjy2026/pico/pico-sdk/src/rp2_common/pico_platform_panic/panic.c.o
LOAD CMakeFiles/my_project.dir/home/jjy2026/pico/pico-sdk/src/common/hardware_claim/claim.c.o
LOAD CMakeFiles/my_project.dir/home/jjy2026/pico/pico-sdk/src/rp2_common/hardware_sync/sync.c.o
LOAD CMakeFiles/my_project.dir/home/jjy2026/pico/pico-sdk/src/rp2_common/hardware_sync_spin_lock/sync_spin_lock.c.o
LOAD CMakeFiles/my_project.dir/home/jjy2026/pico/pico-sdk/src/rp2_common/hardware_irq/irq.c.o
LOAD CMakeFiles/my_project.dir/home/jjy2026/pico/pico-sdk/src/rp2_common/hardware_irq/irq_handler_chain.S.o
LOAD CMakeFiles/my_project.dir/home/jjy2026/pico/pico-sdk/src/common/pico_sync/sem.c.o
LOAD CMakeFiles/my_project.dir/home/jjy2026/pico/pico-sdk/src/common/pico_sync/lock_core.c.o
LOAD CMakeFiles/my_project.dir/home/jjy2026/pico/pico-sdk/src/common/pico_sync/mutex.c.o
LOAD CMakeFiles/my_project.dir/home/jjy2026/pico/pico-sdk/src/common/pico_sync/critical_section.c.o
LOAD CMakeFiles/my_project.dir/home/jjy2026/pico/pico-sdk/src/common/pico_time/time.c.o
LOAD CMakeFiles/my_project.dir/home/jjy2026/pico/pico-sdk/src/common/pico_time/timeout_helper.c.o
LOAD CMakeFiles/my_project.dir/home/jjy2026/pico/pico-sdk/src/rp2_common/hardware_timer/timer.c.o
LOAD CMakeFiles/my_project.dir/home/jjy2026/pico/pico-sdk/src/common/pico_util/datetime.c.o
LOAD CMakeFiles/my_project.dir/home/jjy2026/pico/pico-sdk/src/common/pico_util/pheap.c.o
LOAD CMakeFiles/my_project.dir/home/jjy2026/pico/pico-sdk/src/common/pico_util/queue.c.o
LOAD CMakeFiles/my_project.dir/home/jjy2026/pico/pico-sdk/src/rp2_common/hardware_uart/uart.c.o
LOAD CMakeFiles/my_project.dir/home/jjy2026/pico/pico-sdk/src/rp2_common/hardware_clocks/clocks.c.o
LOAD CMakeFiles/my_project.dir/home/jjy2026/pico/pico-sdk/src/rp2_common/hardware_pll/pll.c.o
LOAD CMakeFiles/my_project.dir/home/jjy2026/pico/pico-sdk/src/rp2_common/hardware_vreg/vreg.c.o
LOAD CMakeFiles/my_project.dir/home/jjy2026/pico/pico-sdk/src/rp2_common/hardware_watchdog/watchdog.c.o
LOAD CMakeFiles/my_project.dir/home/jjy2026/pico/pico-sdk/src/rp2_common/hardware_ticks/ticks.c.o
LOAD CMakeFiles/my_project.dir/home/jjy2026/pico/pico-sdk/src/rp2_common/pico_bootrom/bootrom.c.o
LOAD CMakeFiles/my_project.dir/home/jjy2026/pico/pico-sdk/src/rp2_common/pico_bootrom/bootrom_lock.c.o
LOAD CMakeFiles/my_project.dir/home/jjy2026/pico/pico-sdk/src/rp2_common/hardware_boot_lock/boot_lock.c.o
LOAD CMakeFiles/my_project.dir/home/jjy2026/pico/pico-sdk/src/rp2_common/pico_flash/flash.c.o
LOAD CMakeFiles/my_project.dir/home/jjy2026/pico/pico-sdk/src/rp2_common/hardware_xosc/xosc.c.o
LOAD CMakeFiles/my_project.dir/home/jjy2026/pico/pico-sdk/src/rp2_common/hardware_divider/divider.S.o
LOAD CMakeFiles/my_project.dir/home/jjy2026/pico/pico-sdk/src/rp2_common/pico_runtime/runtime.c.o
LOAD CMakeFiles/my_project.dir/home/jjy2026/pico/pico-sdk/src/rp2_common/pico_runtime_init/runtime_init.c.o
LOAD CMakeFiles/my_project.dir/home/jjy2026/pico/pico-sdk/src/rp2_common/pico_runtime_init/runtime_init_clocks.c.o
LOAD CMakeFiles/my_project.dir/home/jjy2026/pico/pico-sdk/src/rp2_common/pico_runtime_init/runtime_init_stack_guard.c.o
LOAD CMakeFiles/my_project.dir/home/jjy2026/pico/pico-sdk/src/rp2_common/pico_bit_ops/bit_ops_aeabi.S.o
LOAD CMakeFiles/my_project.dir/home/jjy2026/pico/pico-sdk/src/rp2_common/pico_divider/divider_hardware.S.o
LOAD CMakeFiles/my_project.dir/home/jjy2026/pico/pico-sdk/src/rp2_common/pico_double/double_aeabi_rp2040.S.o
LOAD CMakeFiles/my_project.dir/home/jjy2026/pico/pico-sdk/src/rp2_common/pico_double/double_init_rom_rp2040.c.o
LOAD CMakeFiles/my_project.dir/home/jjy2026/pico/pico-sdk/src/rp2_common/pico_double/double_math.c.o
LOAD CMakeFiles/my_project.dir/home/jjy2026/pico/pico-sdk/src/rp2_common/pico_double/double_v1_rom_shim_rp2040.S.o
LOAD CMakeFiles/my_project.dir/home/jjy2026/pico/pico-sdk/src/rp2_common/pico_int64_ops/pico_int64_ops_aeabi.S.o
LOAD CMakeFiles/my_project.dir/home/jjy2026/pico/pico-sdk/src/rp2_common/pico_float/float_aeabi_rp2040.S.o
LOAD CMakeFiles/my_project.dir/home/jjy2026/pico/pico-sdk/src/rp2_common/pico_float/float_init_rom_rp2040.c.o
LOAD CMakeFiles/my_project.dir/home/jjy2026/pico/pico-sdk/src/rp2_common/pico_float/float_math.c.o
LOAD CMakeFiles/my_project.dir/home/jjy2026/pico/pico-sdk/src/rp2_common/pico_float/float_v1_rom_shim_rp2040.S.o
LOAD CMakeFiles/my_project.dir/home/jjy2026/pico/pico-sdk/src/rp2_common/pico_malloc/malloc.c.o
LOAD CMakeFiles/my_project.dir/home/jjy2026/pico/pico-sdk/src/rp2_common/pico_mem_ops/mem_ops_aeabi.S.o
LOAD CMakeFiles/my_project.dir/home/jjy2026/pico/pico-sdk/src/rp2_common/pico_atomic/atomic.c.o
LOAD CMakeFiles/my_project.dir/home/jjy2026/pico/pico-sdk/src/rp2_common/pico_cxx_options/new_delete.cpp.o
LOAD CMakeFiles/my_project.dir/home/jjy2026/pico/pico-sdk/src/rp2_common/pico_standard_binary_info/standard_binary_info.c.o
LOAD CMakeFiles/my_project.dir/home/jjy2026/pico/pico-sdk/src/rp2_common/pico_printf/printf.c.o
LOAD CMakeFiles/my_project.dir/home/jjy2026/pico/pico-sdk/src/rp2_common/pico_crt0/crt0.S.o
LOAD CMakeFiles/my_project.dir/home/jjy2026/pico/pico-sdk/src/rp2_common/pico_clib_interface/newlib_interface.c.o
LOAD CMakeFiles/my_project.dir/home/jjy2026/pico/pico-sdk/src/rp2_common/pico_stdio/stdio.c.o
LOAD CMakeFiles/my_project.dir/home/jjy2026/pico/pico-sdk/src/rp2_common/pico_stdio_usb/reset_interface.c.o
LOAD CMakeFiles/my_project.dir/home/jjy2026/pico/pico-sdk/src/rp2_common/pico_stdio_usb/stdio_usb.c.o
LOAD CMakeFiles/my_project.dir/home/jjy2026/pico/pico-sdk/src/rp2_common/pico_stdio_usb/stdio_usb_descriptors.c.o
LOAD CMakeFiles/my_project.dir/home/jjy2026/pico/pico-sdk/src/rp2_common/pico_unique_id/unique_id.c.o
LOAD CMakeFiles/my_project.dir/home/jjy2026/pico/pico-sdk/src/rp2_common/hardware_flash/flash.c.o
LOAD CMakeFiles/my_project.dir/home/jjy2026/pico/pico-sdk/src/rp2_common/hardware_xip_cache/xip_cache.c.o
LOAD CMakeFiles/my_project.dir/home/jjy2026/pico/pico-sdk/lib/tinyusb/src/portable/raspberrypi/rp2040/dcd_rp2040.c.o
LOAD CMakeFiles/my_project.dir/home/jjy2026/pico/pico-sdk/lib/tinyusb/src/portable/raspberrypi/rp2040/rp2040_usb.c.o
LOAD CMakeFiles/my_project.dir/home/jjy2026/pico/pico-sdk/lib/tinyusb/src/device/usbd.c.o
LOAD CMakeFiles/my_project.dir/home/jjy2026/pico/pico-sdk/lib/tinyusb/src/device/usbd_control.c.o
LOAD CMakeFiles/my_project.dir/home/jjy2026/pico/pico-sdk/lib/tinyusb/src/class/audio/audio_device.c.o
LOAD CMakeFiles/my_project.dir/home/jjy2026/pico/pico-sdk/lib/tinyusb/src/class/cdc/cdc_device.c.o
LOAD CMakeFiles/my_project.dir/home/jjy2026/pico/pico-sdk/lib/tinyusb/src/class/dfu/dfu_device.c.o
LOAD CMakeFiles/my_project.dir/home/jjy2026/pico/pico-sdk/lib/tinyusb/src/class/dfu/dfu_rt_device.c.o
LOAD CMakeFiles/my_project.dir/home/jjy2026/pico/pico-sdk/lib/tinyusb/src/class/hid/hid_device.c.o
LOAD CMakeFiles/my_project.dir/home/jjy2026/pico/pico-sdk/lib/tinyusb/src/class/midi/midi_device.c.o
LOAD CMakeFiles/my_project.dir/home/jjy2026/pico/pico-sdk/lib/tinyusb/src/class/msc/msc_device.c.o
LOAD CMakeFiles/my_project.dir/home/jjy2026/pico/pico-sdk/lib/tinyusb/src/class/net/ecm_rndis_device.c.o
LOAD CMakeFiles/my_project.dir/home/jjy2026/pico/pico-sdk/lib/tinyusb/src/class/net/ncm_device.c.o
LOAD CMakeFiles/my_project.dir/home/jjy2026/pico/pico-sdk/lib/tinyusb/src/class/usbtmc/usbtmc_device.c.o
LOAD CMakeFiles/my_project.dir/home/jjy2026/pico/pico-sdk/lib/tinyusb/src/class/vendor/vendor_device.c.o
LOAD CMakeFiles/my_project.dir/home/jjy2026/pico/pico-sdk/lib/tinyusb/src/class/video/video_device.c.o
LOAD CMakeFiles/my_project.dir/home/jjy2026/pico/pico-sdk/lib/tinyusb/src/tusb.c.o
LOAD CMakeFiles/my_project.dir/home/jjy2026/pico/pico-sdk/lib/tinyusb/src/common/tusb_fifo.c.o
LOAD CMakeFiles/my_project.dir/home/jjy2026/pico/pico-sdk/src/rp2_common/pico_fix/rp2040_usb_device_enumeration/rp2040_usb_device_enumeration.c.o
LOAD pico-sdk/src/rp2040/boot_stage2/CMakeFiles/bs2_default_library.dir/bs2_default_padded_checksummed.S.o
LOAD /usr/lib/gcc/arm-none-eabi/13.2.1/../../../arm-none-eabi/lib/thumb/v6-m/nofp/libstdc++.a
LOAD /usr/lib/gcc/arm-none-eabi/13.2.1/../../../arm-none-eabi/lib/thumb/v6-m/nofp/libm.a
START GROUP
LOAD /usr/lib/gcc/arm-none-eabi/13.2.1/thumb/v6-m/nofp/libgcc.a
LOAD /usr/lib/gcc/arm-none-eabi/13.2.1/../../../arm-none-eabi/lib/thumb/v6-m/nofp/libg.a
LOAD /usr/lib/gcc/arm-none-eabi/13.2.1/../../../arm-none-eabi/lib/thumb/v6-m/nofp/libc.a
END GROUP
START GROUP
LOAD /usr/lib/gcc/arm-none-eabi/13.2.1/thumb/v6-m/nofp/libgcc.a
LOAD /usr/lib/gcc/arm-none-eabi/13.2.1/../../../arm-none-eabi/lib/thumb/v6-m/nofp/libc.a
LOAD /usr/lib/gcc/arm-none-eabi/13.2.1/../../../arm-none-eabi/lib/thumb/v6-m/nofp/libnosys.a
END GROUP
LOAD /usr/lib/gcc/arm-none-eabi/13.2.1/thumb/v6-m/nofp/crtend.o
LOAD /usr/lib/gcc/arm-none-eabi/13.2.1/thumb/v6-m/nofp/crtn.o
OUTPUT(my_project.elf elf32-littlearm)
LOAD linker stubs

.ARM.attributes
                0x00000000       0x28
 .ARM.attributes
                0x00000000       0x1e /usr/lib/gcc/arm-none-eabi/13.2.1/thumb/v6-m/nofp/crti.o
 .ARM.attributes
                0x0000001e       0x2c /usr/lib/gcc/arm-none-eabi/13.2.1/thumb/v6-m/nofp/crtbegin.o
 .ARM.attributes
                0x0000004a       0x2c CMakeFiles/my_project.dir/main.c.o
 .ARM.attributes
                0x00000076       0x2c CMakeFiles/my_project.dir/home/jjy2026/pico/pico-sdk/src/rp2040/pico_platform/platform.c.o
 .ARM.attributes
                0x000000a2       0x2c CMakeFiles/my_project.dir/home/jjy2026/pico/pico-sdk/src/rp2_common/pico_platform_panic/panic.c.o
 .ARM.attributes
                0x000000ce       0x2c CMakeFiles/my_project.dir/home/jjy2026/pico/pico-sdk/src/common/hardware_claim/claim.c.o
 .ARM.attributes
                0x000000fa       0x2c CMakeFiles/my_project.dir/home/jjy2026/pico/pico-sdk/src/rp2_common/hardware_sync/sync.c.o
 .ARM.attributes
                0x00000126       0x2c CMakeFiles/my_project.dir/home/jjy2026/pico/pico-sdk/src/rp2_common/hardware_sync_spin_lock/sync_spin_lock.c.o
 .ARM.attributes
                0x00000152       0x2c CMakeFiles/my_project.dir/home/jjy2026/pico/pico-sdk/src/rp2_common/hardware_irq/irq.c.o
 .ARM.attributes
                0x0000017e       0x22 CMakeFiles/my_project.dir/home/jjy2026/pico/pico-sdk/src/rp2_common/hardware_irq/irq_handler_chain.S.o
 .ARM.attributes
                0x000001a0       0x2c CMakeFiles/my_project.dir/home/jjy2026/pico/pico-sdk/src/common/pico_sync/lock_core.c.o
 .ARM.attributes
                0x000001cc       0x2c CMakeFiles/my_project.dir/home/jjy2026/pico/pico-sdk/src/common/pico_sync/mutex.c.o
 .ARM.attributes
                0x000001f8       0x2c CMakeFiles/my_project.dir/home/jjy2026/pico/pico-sdk/src/common/pico_sync/critical_section.c.o
 .ARM.attributes
                0x00000224       0x2c CMakeFiles/my_project.dir/home/jjy2026/pico/pico-sdk/src/common/pico_time/time.c.o
 .ARM.attributes
                0x00000250       0x2c CMakeFiles/my_project.dir/home/jjy2026/pico/pico-sdk/src/rp2_common/hardware_timer/timer.c.o
 .ARM.attributes
                0x0000027c       0x2c CMakeFiles/my_project.dir/home/jjy2026/pico/pico-sdk/src/rp2_common/hardware_clocks/clocks.c.o
 .ARM.attributes
                0x000002a8       0x2c CMakeFiles/my_project.dir/home/jjy2026/pico/pico-sdk/src/rp2_common/hardware_pll/pll.c.o
 .ARM.attributes
                0x000002d4       0x2c CMakeFiles/my_project.dir/home/jjy2026/pico/pico-sdk/src/rp2_common/hardware_watchdog/watchdog.c.o
 .ARM.attributes
                0x00000300       0x2c CMakeFiles/my_project.dir/home/jjy2026/pico/pico-sdk/src/rp2_common/hardware_ticks/ticks.c.o
 .ARM.attributes
                0x0000032c       0x2c CMakeFiles/my_project.dir/home/jjy2026/pico/pico-sdk/src/rp2_common/pico_bootrom/bootrom.c.o
 .ARM.attributes
                0x00000358       0x2c CMakeFiles/my_project.dir/home/jjy2026/pico/pico-sdk/src/rp2_common/hardware_xosc/xosc.c.o
 .ARM.attributes
                0x00000384       0x2c CMakeFiles/my_project.dir/home/jjy2026/pico/pico-sdk/src/rp2_common/pico_runtime/runtime.c.o
 .ARM.attributes
                0x000003b0       0x2c CMakeFiles/my_project.dir/home/jjy2026/pico/pico-sdk/src/rp2_common/pico_runtime_init/runtime_init.c.o
 .ARM.attributes
                0x000003dc       0x2c CMakeFiles/my_project.dir/home/jjy2026/pico/pico-sdk/src/rp2_common/pico_runtime_init/runtime_init_clocks.c.o
 .ARM.attributes
                0x00000408       0x22 CMakeFiles/my_project.dir/home/jjy2026/pico/pico-sdk/src/rp2_common/pico_bit_ops/bit_ops_aeabi.S.o
 .ARM.attributes
                0x0000042a       0x22 CMakeFiles/my_project.dir/home/jjy2026/pico/pico-sdk/src/rp2_common/pico_divider/divider_hardware.S.o
 .ARM.attributes
                0x0000044c       0x22 CMakeFiles/my_project.dir/home/jjy2026/pico/pico-sdk/src/rp2_common/pico_double/double_aeabi_rp2040.S.o
 .ARM.attributes
                0x0000046e       0x2c CMakeFiles/my_project.dir/home/jjy2026/pico/pico-sdk/src/rp2_common/pico_double/double_init_rom_rp2040.c.o
 .ARM.attributes
                0x0000049a       0x22 CMakeFiles/my_project.dir/home/jjy2026/pico/pico-sdk/src/rp2_common/pico_double/double_v1_rom_shim_rp2040.S.o
 .ARM.attributes
                0x000004bc       0x22 CMakeFiles/my_project.dir/home/jjy2026/pico/pico-sdk/src/rp2_common/pico_int64_ops/pico_int64_ops_aeabi.S.o
 .ARM.attributes
                0x000004de       0x22 CMakeFiles/my_project.dir/home/jjy2026/pico/pico-sdk/src/rp2_common/pico_float/float_aeabi_rp2040.S.o
 .ARM.attributes
                0x00000500       0x2c CMakeFiles/my_project.dir/home/jjy2026/pico/pico-sdk/src/rp2_common/pico_float/float_init_rom_rp2040.c.o
 .ARM.attributes
                0x0000052c       0x22 CMakeFiles/my_project.dir/home/jjy2026/pico/pico-sdk/src/rp2_common/pico_float/float_v1_rom_shim_rp2040.S.o
 .ARM.attributes
                0x0000054e       0x22 CMakeFiles/my_project.dir/home/jjy2026/pico/pico-sdk/src/rp2_common/pico_mem_ops/mem_ops_aeabi.S.o
 .ARM.attributes
                0x00000570       0x2c CMakeFiles/my_project.dir/home/jjy2026/pico/pico-sdk/src/rp2_common/pico_standard_binary_info/standard_binary_info.c.o
 .ARM.attributes
                0x0000059c       0x2c CMakeFiles/my_project.dir/home/jjy2026/pico/pico-sdk/src/rp2_common/pico_printf/printf.c.o
 .ARM.attributes
                0x000005c8       0x22 CMakeFiles/my_project.dir/home/jjy2026/pico/pico-sdk/src/rp2_common/pico_crt0/crt0.S.o
 .ARM.attributes
                0x000005ea       0x2c CMakeFiles/my_project.dir/home/jjy2026/pico/pico-sdk/src/rp2_common/pico_clib_interface/newlib_interface.c.o
 .ARM.attributes
                0x00000616       0x2c CMakeFiles/my_project.dir/home/jjy2026/pico/pico-sdk/src/rp2_common/pico_stdio/stdio.c.o
 .ARM.attributes
                0x00000642       0x2c CMakeFiles/my_project.dir/home/jjy2026/pico/pico-sdk/src/rp2_common/pico_stdio_usb/reset_interface.c.o
 .ARM.attributes
                0x0000066e       0x2c CMakeFiles/my_project.dir/home/jjy2026/pico/pico-sdk/src/rp2_common/pico_stdio_usb/stdio_usb.c.o
 .ARM.attributes
                0x0000069a       0x2c CMakeFiles/my_project.dir/home/jjy2026/pico/pico-sdk/src/rp2_common/pico_stdio_usb/stdio_usb_descriptors.c.o
 .ARM.attributes
                0x000006c6       0x2c CMakeFiles/my_project.dir/home/jjy2026/pico/pico-sdk/src/rp2_common/pico_unique_id/unique_id.c.o
 .ARM.attributes
                0x000006f2       0x2c CMakeFiles/my_project.dir/home/jjy2026/pico/pico-sdk/src/rp2_common/hardware_flash/flash.c.o
 .ARM.attributes
                0x0000071e       0x2c CMakeFiles/my_project.dir/home/jjy2026/pico/pico-sdk/lib/tinyusb/src/portable/raspberrypi/rp2040/dcd_rp2040.c.o
 .ARM.attributes
                0x0000074a       0x2c CMakeFiles/my_project.dir/home/jjy2026/pico/pico-sdk/lib/tinyusb/src/portable/raspberrypi/rp2040/rp2040_usb.c.o
 .ARM.attributes
                0x00000776       0x2c CMakeFiles/my_project.dir/home/jjy2026/pico/pico-sdk/lib/tinyusb/src/device/usbd.c.o
 .ARM.attributes
                0x000007a2       0x2c CMakeFiles/my_project.dir/home/jjy2026/pico/pico-sdk/lib/tinyusb/src/device/usbd_control.c.o
 .ARM.attributes
                0x000007ce       0x2c CMakeFiles/my_project.dir/home/jjy2026/pico/pico-sdk/lib/tinyusb/src/class/cdc/cdc_device.c.o
 .ARM.attributes
                0x000007fa       0x2c CMakeFiles/my_project.dir/home/jjy2026/pico/pico-sdk/lib/tinyusb/src/class/vendor/vendor_device.c.o
 .ARM.attributes
                0x00000826       0x2c CMakeFiles/my_project.dir/home/jjy2026/pico/pico-sdk/lib/tinyusb/src/tusb.c.o
 .ARM.attributes